Archive member included to satisfy reference by file (symbol)

C:/devkitPro/libnx/lib\libnx.a(hid.o)
                              hello-rainbow.o (hidKeysDown)
C:/devkitPro/libnx/lib\libnx.a(sm.o)
                              C:/devkitPro/libnx/lib\libnx.a(hid.o) (smGetServiceWrapper)
C:/devkitPro/libnx/lib\libnx.a(fatal.o)
                              C:/devkitPro/libnx/lib\libnx.a(sm.o) (fatalThrow)
C:/devkitPro/libnx/lib\libnx.a(applet.o)
                              C:/devkitPro/libnx/lib\libnx.a(hid.o) (appletGetAppletResourceUserId)
C:/devkitPro/libnx/lib\libnx.a(hosversion.o)
                              C:/devkitPro/libnx/lib\libnx.a(hid.o) (hosversionGet)
C:/devkitPro/libnx/lib\libnx.a(env.o)
                              C:/devkitPro/libnx/lib\libnx.a(applet.o) (envIsNso)
C:/devkitPro/libnx/lib\libnx.a(console.o)
                              hello-rainbow.o (consoleInit)
C:/devkitPro/libnx/lib\libnx.a(console_sw.o)
                              C:/devkitPro/libnx/lib\libnx.a(console.o) (getDefaultConsoleRenderer)
C:/devkitPro/libnx/lib\libnx.a(svc.o)
                              C:/devkitPro/libnx/lib\libnx.a(fatal.o) (svcExitProcess)
C:/devkitPro/libnx/lib\libnx.a(switch_crt0.o)
                              (_start)
C:/devkitPro/libnx/lib\libnx.a(default_font.bin.o)
                              C:/devkitPro/libnx/lib\libnx.a(console.o) (default_font_bin)
C:/devkitPro/libnx/lib\libnx.a(detect.o)
                              C:/devkitPro/libnx/lib\libnx.a(fatal.o) (detectKernelVersion)
C:/devkitPro/libnx/lib\libnx.a(tmem.o)
                              C:/devkitPro/libnx/lib\libnx.a(applet.o) (tmemCreate)
C:/devkitPro/libnx/lib\libnx.a(wait.o)
                              C:/devkitPro/libnx/lib\libnx.a(applet.o) (waitObjects)
C:/devkitPro/libnx/lib\libnx.a(rwlock.o)
                              C:/devkitPro/libnx/lib\libnx.a(hid.o) (rwlockReadLock)
C:/devkitPro/libnx/lib\libnx.a(mutex.o)
                              C:/devkitPro/libnx/lib\libnx.a(hid.o) (mutexLock)
C:/devkitPro/libnx/lib\libnx.a(shmem.o)
                              C:/devkitPro/libnx/lib\libnx.a(hid.o) (shmemLoadRemote)
C:/devkitPro/libnx/lib\libnx.a(virtmem.o)
                              C:/devkitPro/libnx/lib\libnx.a(tmem.o) (virtmemReserve)
C:/devkitPro/libnx/lib\libnx.a(event.o)
                              C:/devkitPro/libnx/lib\libnx.a(hid.o) (eventLoadRemote)
C:/devkitPro/libnx/lib\libnx.a(condvar.o)
                              C:/devkitPro/libnx/lib\libnx.a(rwlock.o) (condvarWaitTimeout)
C:/devkitPro/libnx/lib\libnx.a(apm.o)
                              C:/devkitPro/libnx/lib\libnx.a(applet.o) (apmInitialize)
C:/devkitPro/libnx/lib\libnx.a(default_window.o)
                              C:/devkitPro/libnx/lib\libnx.a(console_sw.o) (nwindowGetDefault)
C:/devkitPro/libnx/lib\libnx.a(framebuffer.o)
                              C:/devkitPro/libnx/lib\libnx.a(console_sw.o) (framebufferMakeLinear)
C:/devkitPro/libnx/lib\libnx.a(native_window.o)
                              C:/devkitPro/libnx/lib\libnx.a(framebuffer.o) (nwindowIsValid)
C:/devkitPro/libnx/lib\libnx.a(dynamic.o)
                              C:/devkitPro/libnx/lib\libnx.a(switch_crt0.o) (__nx_dynamic)
C:/devkitPro/libnx/lib\libnx.a(init.o)
                              C:/devkitPro/libnx/lib\libnx.a(switch_crt0.o) (__libnx_init)
C:/devkitPro/libnx/lib\libnx.a(newlib.o)
                              C:/devkitPro/libnx/lib\libnx.a(init.o) (__libnx_init_time)
C:/devkitPro/libnx/lib\libnx.a(argv.o)
                              C:/devkitPro/libnx/lib\libnx.a(init.o) (argvSetup)
C:/devkitPro/libnx/lib\libnx.a(fs_dev.o)
                              C:/devkitPro/libnx/lib\libnx.a(init.o) (fsdevMountSdmc)
C:/devkitPro/libnx/lib\libnx.a(decode_utf8.o)
                              C:/devkitPro/libnx/lib\libnx.a(fs_dev.o) (decode_utf8)
C:/devkitPro/libnx/lib\libnx.a(cache.o)
                              C:/devkitPro/libnx/lib\libnx.a(framebuffer.o) (armDCacheFlush)
C:/devkitPro/libnx/lib\libnx.a(exception.o)
                              C:/devkitPro/libnx/lib\libnx.a(switch_crt0.o) (__libnx_exception_entry)
C:/devkitPro/libnx/lib\libnx.a(readtp.o)
                              C:/devkitPro/libnx/lib\libnx.a(fs_dev.o) (__aarch64_read_tp)
C:/devkitPro/libnx/lib\libnx.a(thread.o)
                              C:/devkitPro/libnx/lib\libnx.a(init.o) (__libnx_init_thread)
C:/devkitPro/libnx/lib\libnx.a(time.o)
                              C:/devkitPro/libnx/lib\libnx.a(init.o) (timeInitialize)
C:/devkitPro/libnx/lib\libnx.a(vi.o)
                              C:/devkitPro/libnx/lib\libnx.a(default_window.o) (viInitialize)
C:/devkitPro/libnx/lib\libnx.a(nv.o)
                              C:/devkitPro/libnx/lib\libnx.a(framebuffer.o) (nvInitialize)
C:/devkitPro/libnx/lib\libnx.a(fs.o)
                              C:/devkitPro/libnx/lib\libnx.a(init.o) (fsInitialize)
C:/devkitPro/libnx/lib\libnx.a(set.o)
[...]
Memory Configuration

Name             Origin             Length             Attributes
*default*        0x0000000000000000 0xffffffffffffffff

Linker script and memory map

                0x0000000000000000                PROVIDE (__start__ = 0x0)
                0x0000000000000000                . = __start__
                0x0000000000000000                __code_start = .

.crt0           0x0000000000000000      0x158
 *(.crt0)
 .crt0          0x0000000000000000      0x158 C:/devkitPro/libnx/lib\libnx.a(switch_crt0.o)
                0x0000000000000000                _start
                0x0000000000000120                __nx_exit
                0x0000000000000130                __nx_mod0
                0x0000000000000158                . = ALIGN (0x8)

.init           0x0000000000000158       0x38
 *(.init)
 .init          0x0000000000000158       0x18 c:/devkitpro/devkita64/bin/../lib/gcc/aarch64-none-elf/10.2.0/pic/crti.o
                0x0000000000000158                _init
 .init          0x0000000000000170       0x1c c:/devkitpro/devkita64/bin/../lib/gcc/aarch64-none-elf/10.2.0/pic/crtn.o
                0x0000000000000190                . = ALIGN (0x8)
 *fill*         0x000000000000018c        0x4 

.plt            0x0000000000000190        0x0
 *(.plt)
 .plt           0x0000000000000190        0x0 c:/devkitpro/devkita64/bin/../lib/gcc/aarch64-none-elf/10.2.0/pic/crti.o
 *(.iplt)
                0x0000000000000190                . = ALIGN (0x8)

.text           0x00000000000001c0    0x2b0e0
 *(.text.unlikely .text.*_unlikely .text.unlikely.*)
 *(.text.exit .text.exit.*)
 .text.exit     0x00000000000001c0       0x38 c:/devkitpro/devkita64/bin/../lib/gcc/aarch64-none-elf/10.2.0/../../../../aarch64-none-elf/lib/pic\libg.a(lib_a-exit.o)
                0x00000000000001c0                exit
 *(.text.startup .text.startup.*)
 *fill*         0x00000000000001f8        0x8 
 .text.startup.main
                0x0000000000000200       0x6c hello-rainbow.o
                0x0000000000000200                main
 *(.text.hot .text.hot.*)
 *(.text .stub .text.* .gnu.linkonce.t.*)
 *fill*         0x000000000000026c        0x4 
 .text.__do_global_dtors_aux
                0x0000000000000270       0x44 c:/devkitpro/devkita64/bin/../lib/gcc/aarch64-none-elf/10.2.0/pic/crtbegin.o
 *fill*         0x00000000000002b4        0xc 
 .text.frame_dummy
                0x00000000000002c0       0x24 c:/devkitpro/devkita64/bin/../lib/gcc/aarch64-none-elf/10.2.0/pic/crtbegin.o
 *fill*         0x00000000000002e4        0xc 
 .text._hidCmdWithNoInput
                0x00000000000002f0       0xd4 C:/devkitPro/libnx/lib\libnx.a(hid.o)
 *fill*         0x00000000000003c4        0xc 
 .text._hidCmdWithInputU32
                0x00000000000003d0       0xe4 C:/devkitPro/libnx/lib\libnx.a(hid.o)
 *fill*         0x00000000000004b4        0xc 
 .text._hidCmdWithInputU64.constprop.0
                0x00000000000004c0       0xe0 C:/devkitPro/libnx/lib\libnx.a(hid.o)
 .text._hidCreateAppletResource.constprop.0
                0x00000000000005a0       0xfc C:/devkitPro/libnx/lib\libnx.a(hid.o)
 *fill*         0x000000000000069c        0x4 
 .text._hidCmdGetHandle.constprop.0
                0x00000000000006a0       0xc8 C:/devkitPro/libnx/lib\libnx.a(hid.o)
 *fill*         0x0000000000000768        0x8 
 .text.hidReset
                0x0000000000000770      0x224 C:/devkitPro/libnx/lib\libnx.a(hid.o)
                0x0000000000000770                hidReset
 *fill*         0x0000000000000994        0xc 
 .text.hidGetSharedmemAddr
                0x00000000000009a0        0xc C:/devkitPro/libnx/lib\libnx.a(hid.o)
                0x00000000000009a0                hidGetSharedmemAddr
 *fill*         0x00000000000009ac        0x4 
 .text.hidKeysDown
                0x00000000000009b0       0x6c C:/devkitPro/libnx/lib\libnx.a(hid.o)
                0x00000000000009b0                hidKeysDown
 *fill*         0x0000000000000a1c        0x4 
 .text.hidTouchCount
                0x0000000000000a20        0xc C:/devkitPro/libnx/lib\libnx.a(hid.o)
                0x0000000000000a20                hidTouchCount
 *fill*         0x0000000000000a2c        0x4 
 .text.hidScanInput
                0x0000000000000a30      0x5ac C:/devkitPro/libnx/lib\libnx.a(hid.o)
                0x0000000000000a30                hidScanInput
 *fill*         0x0000000000000fdc        0x4 
 .text.hidSetSupportedNpadStyleSet
                0x0000000000000fe0        0x8 C:/devkitPro/libnx/lib\libnx.a(hid.o)
                0x0000000000000fe0                hidSetSupportedNpadStyleSet
 *fill*         0x0000000000000fe8        0x8 
 .text.hidSetSupportedNpadIdType
                0x0000000000000ff0      0x180 C:/devkitPro/libnx/lib\libnx.a(hid.o)
                0x0000000000000ff0                hidSetSupportedNpadIdType
 .text.hidSetNpadJoyHoldType
                0x0000000000001170        0x8 C:/devkitPro/libnx/lib\libnx.a(hid.o)
                0x0000000000001170                hidSetNpadJoyHoldType
 *fill*         0x0000000000001178        0x8 
 .text.hidSetNpadJoyAssignmentModeDual
                0x0000000000001180       0x20 C:/devkitPro/libnx/lib\libnx.a(hid.o)
                0x0000000000001180                hidSetNpadJoyAssignmentModeDual
 .text.hidFinalizeSevenSixAxisSensor
                0x00000000000011a0       0x80 C:/devkitPro/libnx/lib\libnx.a(hid.o)
                0x00000000000011a0                hidFinalizeSevenSixAxisSensor
 .text._hidCleanup
                0x0000000000001220      0x12c C:/devkitPro/libnx/lib\libnx.a(hid.o)
 *fill*         0x000000000000134c        0x4 
 .text.hidInitialize
                0x0000000000001350      0x1c4 C:/devkitPro/libnx/lib\libnx.a(hid.o)
                0x0000000000001350                hidInitialize
 *fill*         0x0000000000001514        0xc 
 .text.hidExit  0x0000000000001520       0x44 C:/devkitPro/libnx/lib\libnx.a(hid.o)
                0x0000000000001520                hidExit
 *fill*         0x0000000000001564        0xc 
 .text._smCleanup
                0x0000000000001570       0x68 C:/devkitPro/libnx/lib\libnx.a(sm.o)
 *fill*         0x00000000000015d8        0x8 
 .text.smAddOverrideHandle
                0x00000000000015e0       0x48 C:/devkitPro/libnx/lib\libnx.a(sm.o)
                0x00000000000015e0                smAddOverrideHandle
 *fill*         0x0000000000001628        0x8 
 .text.smGetServiceOverride
                0x0000000000001630       0x54 C:/devkitPro/libnx/lib\libnx.a(sm.o)
                0x0000000000001630                smGetServiceOverride
 *fill*         0x0000000000001684        0xc 
 .text.smExit   0x0000000000001690       0x44 C:/devkitPro/libnx/lib\libnx.a(sm.o)
                0x0000000000001690                smExit
 *fill*         0x00000000000016d4        0xc 
 .text.smGetServiceOriginal
                0x00000000000016e0       0xd0 C:/devkitPro/libnx/lib\libnx.a(sm.o)
                0x00000000000016e0                smGetServiceOriginal
 .text.smInitialize
                0x00000000000017b0      0x280 C:/devkitPro/libnx/lib\libnx.a(sm.o)
                0x00000000000017b0                smInitialize
 .text.smGetServiceWrapper
                0x0000000000001a30      0x120 C:/devkitPro/libnx/lib\libnx.a(sm.o)
                0x0000000000001a30                smGetServiceWrapper
 .text._fatalCmd
                0x0000000000001b50      0x198 C:/devkitPro/libnx/lib\libnx.a(fatal.o)
 *fill*         0x0000000000001ce8        0x8 
 .text.fatalThrowWithPolicy
                0x0000000000001cf0        0xc C:/devkitPro/libnx/lib\libnx.a(fatal.o)
                0x0000000000001cf0                fatalThrowWithPolicy
 *fill*         0x0000000000001cfc        0x4 
 .text.fatalThrow
                0x0000000000001d00       0x14 C:/devkitPro/libnx/lib\libnx.a(fatal.o)
                0x0000000000001d00                fatalThrow
                0x0000000000001d00                fatalSimple
 *fill*         0x0000000000001d14        0xc 
 .text._appletInfiniteSleepLoop
                0x0000000000001d20       0x24 C:/devkitPro/libnx/lib\libnx.a(applet.o)
 *fill*         0x0000000000001d44        0xc 
 .text._appletCmdGetSession
                0x0000000000001d50       0xf0 C:/devkitPro/libnx/lib\libnx.a(applet.o)
 .text._appletCmdInU8NoOut
                0x0000000000001e40       0xcc C:/devkitPro/libnx/lib\libnx.a(applet.o)
 *fill*         0x0000000000001f0c        0x4 
 .text._appletGetLaunchReason
                0x0000000000001f10      0x110 C:/devkitPro/libnx/lib\libnx.a(applet.o)
 .text._appletSetFocusHandlingMode
                0x0000000000002020       0xe4 C:/devkitPro/libnx/lib\libnx.a(applet.o)
 *fill*         0x0000000000002104        0xc 
 .text._appletCmdInU32NoOut
                0x0000000000002110       0xcc C:/devkitPro/libnx/lib\libnx.a(applet.o)
 *fill*         0x00000000000021dc        0x4 
 .text._appletGetSessionProxy.constprop.0
                0x00000000000021e0      0x118 C:/devkitPro/libnx/lib\libnx.a(applet.o)
 *fill*         0x00000000000022f8        0x8 
 .text._appletOpenLibraryAppletProxy.constprop.0
                0x0000000000002300      0x134 C:/devkitPro/libnx/lib\libnx.a(applet.o)
 *fill*         0x0000000000002434        0xc 
 .text._appletCmdGetHandle.constprop.0.isra.0
                0x0000000000002440       0xd0 C:/devkitPro/libnx/lib\libnx.a(applet.o)
 .text._appletCmdNoInOutU8.isra.0
                0x0000000000002510       0xd4 C:/devkitPro/libnx/lib\libnx.a(applet.o)
 *fill*         0x00000000000025e4        0xc 
 .text._appletCmdNoInOutU32.isra.0
                0x00000000000025f0       0xd4 C:/devkitPro/libnx/lib\libnx.a(applet.o)
 *fill*         0x00000000000026c4        0xc 
 .text._appletCmdNoInOutU64.isra.0
                0x00000000000026d0       0xd4 C:/devkitPro/libnx/lib\libnx.a(applet.o)
 *fill*         0x00000000000027a4        0xc 
 .text._appletCmdNoIO.isra.0
                0x00000000000027b0       0xc0 C:/devkitPro/libnx/lib\libnx.a(applet.o)
 .text.appletGetAppletType
                0x0000000000002870       0x10 C:/devkitPro/libnx/lib\libnx.a(applet.o)
                0x0000000000002870                appletGetAppletType
 .text.appletSetFocusHandlingMode
                0x0000000000002880      0x118 C:/devkitPro/libnx/lib\libnx.a(applet.o)
                0x0000000000002880                appletSetFocusHandlingMode
 *fill*         0x0000000000002998        0x8 
 .text.appletSetCpuBoostMode
                0x00000000000029a0       0x5c C:/devkitPro/libnx/lib\libnx.a(applet.o)
                0x00000000000029a0                appletSetCpuBoostMode
 *fill*         0x00000000000029fc        0x4 
 .text.appletCreateManagedDisplayLayer
                0x0000000000002a00       0x2c C:/devkitPro/libnx/lib\libnx.a(applet.o)
                0x0000000000002a00                appletCreateManagedDisplayLayer
 *fill*         0x0000000000002a2c        0x4 
 .text.appletGetAppletResourceUserId
                0x0000000000002a30        0xc C:/devkitPro/libnx/lib\libnx.a(applet.o)
                0x0000000000002a30                appletGetAppletResourceUserId
 *fill*         0x0000000000002a3c        0x4 
 .text._appletGetIndirectLayerConsumerHandle
                0x0000000000002a40       0xf8 C:/devkitPro/libnx/lib\libnx.a(applet.o)
 *fill*         0x0000000000002b38        0x8 
 .text._appletHolderCreateState
                0x0000000000002b40       0x88 C:/devkitPro/libnx/lib\libnx.a(applet.o)
 *fill*         0x0000000000002bc8        0x8 
 .text.appletHolderClose
                0x0000000000002bd0       0xb4 C:/devkitPro/libnx/lib\libnx.a(applet.o)
                0x0000000000002bd0                appletHolderClose
 *fill*         0x0000000000002c84        0xc 
 .text.appletHolderGetLibraryAppletInfo
                0x0000000000002c90       0x24 C:/devkitPro/libnx/lib\libnx.a(applet.o)
                0x0000000000002c90                appletHolderGetLibraryAppletInfo
 *fill*         0x0000000000002cb4        0xc 
 .text.appletNotifyRunning
                0x0000000000002cc0       0x90 C:/devkitPro/libnx/lib\libnx.a(applet.o)
                0x0000000000002cc0                appletNotifyRunning
 .text.appletSetGamePlayRecordingState
                0x0000000000002d50       0x8c C:/devkitPro/libnx/lib\libnx.a(applet.o)
                0x0000000000002d50                appletSetGamePlayRecordingState
 *fill*         0x0000000000002ddc        0x4 
 .text._appletCleanup
                0x0000000000002de0      0xac4 C:/devkitPro/libnx/lib\libnx.a(applet.o)
 *fill*         0x00000000000038a4        0xc 
 .text.appletExit
                0x00000000000038b0       0x44 C:/devkitPro/libnx/lib\libnx.a(applet.o)
                0x00000000000038b0                appletExit
 *fill*         0x00000000000038f4        0xc 
 .text.appletGetLibraryAppletInfo
                0x0000000000003900       0x40 C:/devkitPro/libnx/lib\libnx.a(applet.o)
                0x0000000000003900                appletGetLibraryAppletInfo
 .text.appletInitialize
                0x0000000000003940      0xa28 C:/devkitPro/libnx/lib\libnx.a(applet.o)
                0x0000000000003940                appletInitialize
 *fill*         0x0000000000004368        0x8 
 .text._appletExitProcess
                0x0000000000004370       0x24 C:/devkitPro/libnx/lib\libnx.a(applet.o)
 *fill*         0x0000000000004394        0xc 
 .text.appletGetMessage
                0x00000000000043a0       0x74 C:/devkitPro/libnx/lib\libnx.a(applet.o)
                0x00000000000043a0                appletGetMessage
 *fill*         0x0000000000004414        0xc 
 .text.appletProcessMessage
                0x0000000000004420      0x248 C:/devkitPro/libnx/lib\libnx.a(applet.o)
                0x0000000000004420                appletProcessMessage
 *fill*         0x0000000000004668        0x8 
 .text.appletMainLoop
                0x0000000000004670       0x34 C:/devkitPro/libnx/lib\libnx.a(applet.o)
                0x0000000000004670                appletMainLoop
 *fill*         0x00000000000046a4        0xc 
 .text.hosversionGet
                0x00000000000046b0       0x10 C:/devkitPro/libnx/lib\libnx.a(hosversion.o)
                0x00000000000046b0                hosversionGet
 .text.hosversionSet
                0x00000000000046c0       0x10 C:/devkitPro/libnx/lib\libnx.a(hosversion.o)
                0x00000000000046c0                hosversionSet
 .text.envSetup
                0x00000000000046d0      0x234 C:/devkitPro/libnx/lib\libnx.a(env.o)
                0x00000000000046d0                envSetup
 *fill*         0x0000000000004904        0xc 
 .text.envGetMainThreadHandle
                0x0000000000004910       0x20 C:/devkitPro/libnx/lib\libnx.a(env.o)
                0x0000000000004910                envGetMainThreadHandle
 .text.envIsNso
                0x0000000000004930        0xc C:/devkitPro/libnx/lib\libnx.a(env.o)
                0x0000000000004930                envIsNso
 *fill*         0x000000000000493c        0x4 
 .text.envHasHeapOverride
                0x0000000000004940       0x14 C:/devkitPro/libnx/lib\libnx.a(env.o)
                0x0000000000004940                envHasHeapOverride
 *fill*         0x0000000000004954        0xc 
 .text.envGetHeapOverrideAddr
                0x0000000000004960        0xc C:/devkitPro/libnx/lib\libnx.a(env.o)
                0x0000000000004960                envGetHeapOverrideAddr
 *fill*         0x000000000000496c        0x4 
 .text.envGetHeapOverrideSize
                0x0000000000004970        0xc C:/devkitPro/libnx/lib\libnx.a(env.o)
                0x0000000000004970                envGetHeapOverrideSize
 *fill*         0x000000000000497c        0x4 
 .text.envHasArgv
                0x0000000000004980       0x14 C:/devkitPro/libnx/lib\libnx.a(env.o)
                0x0000000000004980                envHasArgv
 *fill*         0x0000000000004994        0xc 
 .text.envGetArgv
                0x00000000000049a0        0xc C:/devkitPro/libnx/lib\libnx.a(env.o)
                0x00000000000049a0                envGetArgv
 *fill*         0x00000000000049ac        0x4 
 .text.envGetExitFuncPtr
                0x00000000000049b0        0xc C:/devkitPro/libnx/lib\libnx.a(env.o)
                0x00000000000049b0                envGetExitFuncPtr
 *fill*         0x00000000000049bc        0x4 
 .text.envSetExitFuncPtr
                0x00000000000049c0        0xc C:/devkitPro/libnx/lib\libnx.a(env.o)
                0x00000000000049c0                envSetExitFuncPtr
 *fill*         0x00000000000049cc        0x4 
 .text.consoleDrawChar
                0x00000000000049d0       0x48 C:/devkitPro/libnx/lib\libnx.a(console.o)
 *fill*         0x0000000000004a18        0x8 
 .text.consoleNewRow
                0x0000000000004a20       0xb0 C:/devkitPro/libnx/lib\libnx.a(console.o)
 .text.con_write
                0x0000000000004ad0      0xc4c C:/devkitPro/libnx/lib\libnx.a(console.o)
 *fill*         0x000000000000571c        0x4 
 .text.consoleInit
                0x0000000000005720      0x170 C:/devkitPro/libnx/lib\libnx.a(console.o)
                0x0000000000005720                consoleInit
 .text.consoleExit
                0x0000000000005890       0x48 C:/devkitPro/libnx/lib\libnx.a(console.o)
                0x0000000000005890                consoleExit
 *fill*         0x00000000000058d8        0x8 
 .text.consoleUpdate
                0x00000000000058e0       0x2c C:/devkitPro/libnx/lib\libnx.a(console.o)
                0x00000000000058e0                consoleUpdate
 *fill*         0x000000000000590c        0x4 
 .text.ConsoleSwRenderer_drawChar
                0x0000000000005910      0x194 C:/devkitPro/libnx/lib\libnx.a(console_sw.o)
 *fill*         0x0000000000005aa4        0xc 
 .text.ConsoleSwRenderer_init
                0x0000000000005ab0       0xfc C:/devkitPro/libnx/lib\libnx.a(console_sw.o)
 *fill*         0x0000000000005bac        0x4 
 .text.ConsoleSwRenderer_flushAndSwap
                0x0000000000005bb0       0x70 C:/devkitPro/libnx/lib\libnx.a(console_sw.o)
 .text.ConsoleSwRenderer_scrollWindow
                0x0000000000005c20       0xc8 C:/devkitPro/libnx/lib\libnx.a(console_sw.o)
 *fill*         0x0000000000005ce8        0x8 
 .text.ConsoleSwRenderer_deinit
                0x0000000000005cf0       0x4c C:/devkitPro/libnx/lib\libnx.a(console_sw.o)
 *fill*         0x0000000000005d3c        0x4 
 .text.getDefaultConsoleRenderer
                0x0000000000005d40        0xc C:/devkitPro/libnx/lib\libnx.a(console_sw.o)
                0x0000000000005d40                getDefaultConsoleRenderer
 .text.svcSetHeapSize
                0x0000000000005d4c       0x14 C:/devkitPro/libnx/lib\libnx.a(svc.o)
                0x0000000000005d4c                svcSetHeapSize
 .text.svcSetMemoryAttribute
                0x0000000000005d60        0x8 C:/devkitPro/libnx/lib\libnx.a(svc.o)
                0x0000000000005d60                svcSetMemoryAttribute
 .text.svcUnmapMemory
                0x0000000000005d68        0x8 C:/devkitPro/libnx/lib\libnx.a(svc.o)
                0x0000000000005d68                svcUnmapMemory
 .text.svcQueryMemory
                0x0000000000005d70       0x14 C:/devkitPro/libnx/lib\libnx.a(svc.o)
                0x0000000000005d70                svcQueryMemory
 .text.svcExitProcess
                0x0000000000005d84        0x8 C:/devkitPro/libnx/lib\libnx.a(svc.o)
                0x0000000000005d84                svcExitProcess
 .text.svcSleepThread
                0x0000000000005d8c        0x8 C:/devkitPro/libnx/lib\libnx.a(svc.o)
                0x0000000000005d8c                svcSleepThread
 .text.svcMapSharedMemory
                0x0000000000005d94        0x8 C:/devkitPro/libnx/lib\libnx.a(svc.o)
                0x0000000000005d94                svcMapSharedMemory
 .text.svcUnmapSharedMemory
                0x0000000000005d9c        0x8 C:/devkitPro/libnx/lib\libnx.a(svc.o)
                0x0000000000005d9c                svcUnmapSharedMemory
 .text.svcCreateTransferMemory
                0x0000000000005da4       0x14 C:/devkitPro/libnx/lib\libnx.a(svc.o)
                0x0000000000005da4                svcCreateTransferMemory
 .text.svcCloseHandle
                0x0000000000005db8        0x8 C:/devkitPro/libnx/lib\libnx.a(svc.o)
                0x0000000000005db8                svcCloseHandle
 .text.svcResetSignal
                0x0000000000005dc0        0x8 C:/devkitPro/libnx/lib\libnx.a(svc.o)
                0x0000000000005dc0                svcResetSignal
 .text.svcWaitSynchronization
                0x0000000000005dc8       0x14 C:/devkitPro/libnx/lib\libnx.a(svc.o)
                0x0000000000005dc8                svcWaitSynchronization
 .text.svcArbitrateLock
                0x0000000000005ddc        0x8 C:/devkitPro/libnx/lib\libnx.a(svc.o)
                0x0000000000005ddc                svcArbitrateLock
 .text.svcArbitrateUnlock
                0x0000000000005de4        0x8 C:/devkitPro/libnx/lib\libnx.a(svc.o)
                0x0000000000005de4                svcArbitrateUnlock
 .text.svcWaitProcessWideKeyAtomic
                0x0000000000005dec        0x8 C:/devkitPro/libnx/lib\libnx.a(svc.o)
                0x0000000000005dec                svcWaitProcessWideKeyAtomic
 .text.svcSignalProcessWideKey
                0x0000000000005df4        0x8 C:/devkitPro/libnx/lib\libnx.a(svc.o)
                0x0000000000005df4                svcSignalProcessWideKey
 .text.svcConnectToNamedPort
                0x0000000000005dfc       0x14 C:/devkitPro/libnx/lib\libnx.a(svc.o)
                0x0000000000005dfc                svcConnectToNamedPort
 .text.svcSendSyncRequest
                0x0000000000005e10        0x8 C:/devkitPro/libnx/lib\libnx.a(svc.o)
                0x0000000000005e10                svcSendSyncRequest
 .text.svcBreak
                0x0000000000005e18        0x8 C:/devkitPro/libnx/lib\libnx.a(svc.o)
                0x0000000000005e18                svcBreak
 .text.svcReturnFromException
                0x0000000000005e20        0x8 C:/devkitPro/libnx/lib\libnx.a(svc.o)
                0x0000000000005e20                svcReturnFromException
 .text.svcGetInfo
                0x0000000000005e28       0x14 C:/devkitPro/libnx/lib\libnx.a(svc.o)
                0x0000000000005e28                svcGetInfo
 .text.svcUnmapTransferMemory
                0x0000000000005e3c        0x8 C:/devkitPro/libnx/lib\libnx.a(svc.o)
                0x0000000000005e3c                svcUnmapTransferMemory
 *fill*         0x0000000000005e44        0xc 
 .text.detectKernelVersion
                0x0000000000005e50      0x17c C:/devkitPro/libnx/lib\libnx.a(detect.o)
                0x0000000000005e50                detectKernelVersion
 *fill*         0x0000000000005fcc        0x4 
 .text.detectDebugger
                0x0000000000005fd0       0x30 C:/devkitPro/libnx/lib\libnx.a(detect.o)
                0x0000000000005fd0                detectDebugger
 .text.tmemCreate
                0x0000000000006000       0xa8 C:/devkitPro/libnx/lib\libnx.a(tmem.o)
                0x0000000000006000                tmemCreate
 *fill*         0x00000000000060a8        0x8 
 .text.tmemUnmap
                0x00000000000060b0       0x58 C:/devkitPro/libnx/lib\libnx.a(tmem.o)
                0x00000000000060b0                tmemUnmap
 *fill*         0x0000000000006108        0x8 
 .text.tmemClose
                0x0000000000006110       0x68 C:/devkitPro/libnx/lib\libnx.a(tmem.o)
                0x0000000000006110                tmemClose
 *fill*         0x0000000000006178        0x8 
 .text.waitObjects
                0x0000000000006180      0x45c C:/devkitPro/libnx/lib\libnx.a(wait.o)
                0x0000000000006180                waitObjects
 *fill*         0x00000000000065dc        0x4 
 .text.rwlockReadLock
                0x00000000000065e0       0x98 C:/devkitPro/libnx/lib\libnx.a(rwlock.o)
                0x00000000000065e0                rwlockReadLock
 *fill*         0x0000000000006678        0x8 
 .text.rwlockReadUnlock
                0x0000000000006680       0xb4 C:/devkitPro/libnx/lib\libnx.a(rwlock.o)
                0x0000000000006680                rwlockReadUnlock
 *fill*         0x0000000000006734        0xc 
 .text.rwlockWriteLock
                0x0000000000006740       0xa4 C:/devkitPro/libnx/lib\libnx.a(rwlock.o)
                0x0000000000006740                rwlockWriteLock
 *fill*         0x00000000000067e4        0xc 
 .text.rwlockWriteUnlock
                0x00000000000067f0       0x78 C:/devkitPro/libnx/lib\libnx.a(rwlock.o)
                0x00000000000067f0                rwlockWriteUnlock
 *fill*         0x0000000000006868        0x8 
 .text.mutexLock
                0x0000000000006870       0x80 C:/devkitPro/libnx/lib\libnx.a(mutex.o)
                0x0000000000006870                mutexLock
 .text.mutexUnlock
                0x00000000000068f0       0x68 C:/devkitPro/libnx/lib\libnx.a(mutex.o)
                0x00000000000068f0                mutexUnlock
 *fill*         0x0000000000006958        0x8 
 .text.rmutexLock
                0x0000000000006960       0x4c C:/devkitPro/libnx/lib\libnx.a(mutex.o)
                0x0000000000006960                rmutexLock
 *fill*         0x00000000000069ac        0x4 
 .text.rmutexUnlock
                0x00000000000069b0       0x1c C:/devkitPro/libnx/lib\libnx.a(mutex.o)
                0x00000000000069b0                rmutexUnlock
 *fill*         0x00000000000069cc        0x4 
 .text.shmemLoadRemote
                0x00000000000069d0       0x14 C:/devkitPro/libnx/lib\libnx.a(shmem.o)
                0x00000000000069d0                shmemLoadRemote
 *fill*         0x00000000000069e4        0xc 
 .text.shmemMap
                0x00000000000069f0       0x84 C:/devkitPro/libnx/lib\libnx.a(shmem.o)
                0x00000000000069f0                shmemMap
 *fill*         0x0000000000006a74        0xc 
 .text.shmemUnmap
                0x0000000000006a80       0x58 C:/devkitPro/libnx/lib\libnx.a(shmem.o)
                0x0000000000006a80                shmemUnmap
 *fill*         0x0000000000006ad8        0x8 
 .text.shmemClose
                0x0000000000006ae0       0x44 C:/devkitPro/libnx/lib\libnx.a(shmem.o)
                0x0000000000006ae0                shmemClose
 *fill*         0x0000000000006b24        0xc 
 .text._GetRegionFromInfo
                0x0000000000006b30       0x64 C:/devkitPro/libnx/lib\libnx.a(virtmem.o)
 *fill*         0x0000000000006b94        0xc 
 .text.virtmemSetup
                0x0000000000006ba0      0x104 C:/devkitPro/libnx/lib\libnx.a(virtmem.o)
                0x0000000000006ba0                virtmemSetup
 *fill*         0x0000000000006ca4        0xc 
 .text.virtmemReserve
                0x0000000000006cb0      0x10c C:/devkitPro/libnx/lib\libnx.a(virtmem.o)
                0x0000000000006cb0                virtmemReserve
 *fill*         0x0000000000006dbc        0x4 
 .text.virtmemFree
                0x0000000000006dc0        0x4 C:/devkitPro/libnx/lib\libnx.a(virtmem.o)
                0x0000000000006dc0                virtmemFree
 *fill*         0x0000000000006dc4        0xc 
 .text.eventLoadRemote
                0x0000000000006dd0        0xc C:/devkitPro/libnx/lib\libnx.a(event.o)
                0x0000000000006dd0                eventLoadRemote
 *fill*         0x0000000000006ddc        0x4 
 .text.eventWait
                0x0000000000006de0       0x38 C:/devkitPro/libnx/lib\libnx.a(event.o)
                0x0000000000006de0                eventWait
 *fill*         0x0000000000006e18        0x8 
 .text.eventClose
                0x0000000000006e20       0x50 C:/devkitPro/libnx/lib\libnx.a(event.o)
                0x0000000000006e20                eventClose
 .text.condvarWaitTimeout
                0x0000000000006e70       0x60 C:/devkitPro/libnx/lib\libnx.a(condvar.o)
                0x0000000000006e70                condvarWaitTimeout
 .text._apmCleanup
                0x0000000000006ed0       0xc0 C:/devkitPro/libnx/lib\libnx.a(apm.o)
 .text._apmCmdGetSession.constprop.0
                0x0000000000006f90       0xe0 C:/devkitPro/libnx/lib\libnx.a(apm.o)
 .text.apmInitialize
                0x0000000000007070       0xa0 C:/devkitPro/libnx/lib\libnx.a(apm.o)
                0x0000000000007070                apmInitialize
 .text.apmExit  0x0000000000007110       0x44 C:/devkitPro/libnx/lib\libnx.a(apm.o)
                0x0000000000007110                apmExit
 *fill*         0x0000000000007154        0xc 
 .text.apmSetPerformanceConfiguration
                0x0000000000007160       0xc8 C:/devkitPro/libnx/lib\libnx.a(apm.o)
                0x0000000000007160                apmSetPerformanceConfiguration
 *fill*         0x0000000000007228        0x8 
 .text.nwindowGetDefault
                0x0000000000007230        0xc C:/devkitPro/libnx/lib\libnx.a(default_window.o)
                0x0000000000007230                nwindowGetDefault
 *fill*         0x000000000000723c        0x4 
 .text.__nx_win_init
                0x0000000000007240       0xc0 C:/devkitPro/libnx/lib\libnx.a(default_window.o)
                0x0000000000007240                __nx_win_init
 .text.__nx_win_exit
                0x0000000000007300       0x34 C:/devkitPro/libnx/lib\libnx.a(default_window.o)
                0x0000000000007300                __nx_win_exit
 *fill*         0x0000000000007334        0xc 
 .text.framebufferMakeLinear
                0x0000000000007340       0x80 C:/devkitPro/libnx/lib\libnx.a(framebuffer.o)
                0x0000000000007340                framebufferMakeLinear
 .text.framebufferClose
                0x00000000000073c0       0x84 C:/devkitPro/libnx/lib\libnx.a(framebuffer.o)
                0x00000000000073c0                framebufferClose
 *fill*         0x0000000000007444        0xc 
 .text.framebufferCreate
                0x0000000000007450      0x2a0 C:/devkitPro/libnx/lib\libnx.a(framebuffer.o)
                0x0000000000007450                framebufferCreate
 .text.framebufferBegin
                0x00000000000076f0       0x88 C:/devkitPro/libnx/lib\libnx.a(framebuffer.o)
                0x00000000000076f0                framebufferBegin
 *fill*         0x0000000000007778        0x8 
 .text.framebufferEnd
                0x0000000000007780      0x174 C:/devkitPro/libnx/lib\libnx.a(framebuffer.o)
                0x0000000000007780                framebufferEnd
 *fill*         0x00000000000078f4        0xc 
 .text.nwindowIsValid
                0x0000000000007900       0x24 C:/devkitPro/libnx/lib\libnx.a(native_window.o)
                0x0000000000007900                nwindowIsValid
 *fill*         0x0000000000007924        0xc 
 .text.nwindowClose
                0x0000000000007930       0x8c C:/devkitPro/libnx/lib\libnx.a(native_window.o)
                0x0000000000007930                nwindowClose
 *fill*         0x00000000000079bc        0x4 
 .text.nwindowCreate
                0x00000000000079c0       0xf8 C:/devkitPro/libnx/lib\libnx.a(native_window.o)
                0x00000000000079c0                nwindowCreate
 *fill*         0x0000000000007ab8        0x8 
 .text.nwindowCreateFromLayer
                0x0000000000007ac0       0x34 C:/devkitPro/libnx/lib\libnx.a(native_window.o)
                0x0000000000007ac0                nwindowCreateFromLayer
 *fill*         0x0000000000007af4        0xc 
 .text.nwindowSetDimensions
                0x0000000000007b00       0x88 C:/devkitPro/libnx/lib\libnx.a(native_window.o)
                0x0000000000007b00                nwindowSetDimensions
 *fill*         0x0000000000007b88        0x8 
 .text.nwindowConfigureBuffer
                0x0000000000007b90      0x190 C:/devkitPro/libnx/lib\libnx.a(native_window.o)
                0x0000000000007b90                nwindowConfigureBuffer
 .text.nwindowDequeueBuffer
                0x0000000000007d20      0x1dc C:/devkitPro/libnx/lib\libnx.a(native_window.o)
                0x0000000000007d20                nwindowDequeueBuffer
 *fill*         0x0000000000007efc        0x4 
 .text.nwindowQueueBuffer
                0x0000000000007f00      0x144 C:/devkitPro/libnx/lib\libnx.a(native_window.o)
                0x0000000000007f00                nwindowQueueBuffer
 *fill*         0x0000000000008044        0xc 
 .text.nwindowReleaseBuffers
                0x0000000000008050       0x98 C:/devkitPro/libnx/lib\libnx.a(native_window.o)
                0x0000000000008050                nwindowReleaseBuffers
 *fill*         0x00000000000080e8        0x8 
 .text.__nx_dynamic
                0x00000000000080f0       0xa0 C:/devkitPro/libnx/lib\libnx.a(dynamic.o)
                0x00000000000080f0                __nx_dynamic
 .text.__libnx_initheap
                0x0000000000008190       0xd8 C:/devkitPro/libnx/lib\libnx.a(init.o)
                0x0000000000008190                __libnx_initheap
 *fill*         0x0000000000008268        0x8 
 .text.__appInit
                0x0000000000008270       0xec C:/devkitPro/libnx/lib\libnx.a(init.o)
                0x0000000000008270                __appInit
 *fill*         0x000000000000835c        0x4 
 .text.__appExit
                0x0000000000008360       0x44 C:/devkitPro/libnx/lib\libnx.a(init.o)
                0x0000000000008360                __appExit
 *fill*         0x00000000000083a4        0xc 
 .text.__libnx_init
                0x00000000000083b0       0x2c C:/devkitPro/libnx/lib\libnx.a(init.o)
                0x00000000000083b0                __libnx_init
 *fill*         0x00000000000083dc        0x4 
 .text.__libnx_exit
                0x00000000000083e0       0x20 C:/devkitPro/libnx/lib\libnx.a(init.o)
                0x00000000000083e0                __libnx_exit
 .text.__syscall_exit
                0x0000000000008400       0x1c C:/devkitPro/libnx/lib\libnx.a(newlib.o)
                0x0000000000008400                __syscall_exit
 *fill*         0x000000000000841c        0x4 
 .text.__syscall_getreent
                0x0000000000008420       0x34 C:/devkitPro/libnx/lib\libnx.a(newlib.o)
                0x0000000000008420                __syscall_getreent
 *fill*         0x0000000000008454        0xc 
 .text.__syscall_lock_acquire
                0x0000000000008460        0x4 C:/devkitPro/libnx/lib\libnx.a(newlib.o)
                0x0000000000008460                __syscall_lock_acquire
 *fill*         0x0000000000008464        0xc 
 .text.__syscall_lock_release
                0x0000000000008470        0x4 C:/devkitPro/libnx/lib\libnx.a(newlib.o)
                0x0000000000008470                __syscall_lock_release
 *fill*         0x0000000000008474        0xc 
 .text.__syscall_lock_acquire_recursive
                0x0000000000008480        0x4 C:/devkitPro/libnx/lib\libnx.a(newlib.o)
                0x0000000000008480                __syscall_lock_acquire_recursive
 *fill*         0x0000000000008484        0xc 
 .text.__syscall_lock_release_recursive
                0x0000000000008490        0x4 C:/devkitPro/libnx/lib\libnx.a(newlib.o)
                0x0000000000008490                __syscall_lock_release_recursive
 *fill*         0x0000000000008494        0xc 
 .text.__libnx_init_time
                0x00000000000084a0      0x228 C:/devkitPro/libnx/lib\libnx.a(newlib.o)
                0x00000000000084a0                __libnx_init_time
 *fill*         0x00000000000086c8        0x8 
 .text.newlibSetup
                0x00000000000086d0       0x84 C:/devkitPro/libnx/lib\libnx.a(newlib.o)
                0x00000000000086d0                newlibSetup
 *fill*         0x0000000000008754        0xc 
 .text.argvSetup
                0x0000000000008760      0x324 C:/devkitPro/libnx/lib\libnx.a(argv.o)
                0x0000000000008760                argvSetup
 *fill*         0x0000000000008a84        0xc 
 .text.fsdev_link
                0x0000000000008a90       0x14 C:/devkitPro/libnx/lib\libnx.a(fs_dev.o)
 *fill*         0x0000000000008aa4        0xc 
 .text.fsdev_dirreset
                0x0000000000008ab0       0x14 C:/devkitPro/libnx/lib\libnx.a(fs_dev.o)
 *fill*         0x0000000000008ac4        0xc 
 .text.fsdev_chmod
                0x0000000000008ad0       0x14 C:/devkitPro/libnx/lib\libnx.a(fs_dev.o)
 *fill*         0x0000000000008ae4        0xc 
 .text.error_cmp
                0x0000000000008af0       0x18 C:/devkitPro/libnx/lib\libnx.a(fs_dev.o)
 *fill*         0x0000000000008b08        0x8 
 .text.fsdev_dirclose
                0x0000000000008b10       0x20 C:/devkitPro/libnx/lib\libnx.a(fs_dev.o)
 .text.fsdev_close
                0x0000000000008b30       0x1c C:/devkitPro/libnx/lib\libnx.a(fs_dev.o)
 *fill*         0x0000000000008b4c        0x4 
 .text.fsdev_converttimetoutc
                0x0000000000008b50       0x80 C:/devkitPro/libnx/lib\libnx.a(fs_dev.o)
 .text.fsdevFindDevice.part.0
                0x0000000000008bd0       0xb8 C:/devkitPro/libnx/lib\libnx.a(fs_dev.o)
 *fill*         0x0000000000008c88        0x8 
 .text.fsdev_fixpath
                0x0000000000008c90      0x1e0 C:/devkitPro/libnx/lib\libnx.a(fs_dev.o)
 .text._fsdevUnmountDeviceStruct.part.0
                0x0000000000008e70       0xa0 C:/devkitPro/libnx/lib\libnx.a(fs_dev.o)
 .text.fsdev_fchmod
                0x0000000000008f10       0x14 C:/devkitPro/libnx/lib\libnx.a(fs_dev.o)
 *fill*         0x0000000000008f24        0xc 
 .text.fsdev_diropen
                0x0000000000008f30      0x108 C:/devkitPro/libnx/lib\libnx.a(fs_dev.o)
 *fill*         0x0000000000009038        0x8 
 .text.fsdev_fsync
                0x0000000000009040       0x7c C:/devkitPro/libnx/lib\libnx.a(fs_dev.o)
 *fill*         0x00000000000090bc        0x4 
 .text.fsdev_fstat
                0x00000000000090c0      0x110 C:/devkitPro/libnx/lib\libnx.a(fs_dev.o)
 .text.fsdev_ftruncate
                0x00000000000091d0       0x94 C:/devkitPro/libnx/lib\libnx.a(fs_dev.o)
 *fill*         0x0000000000009264        0xc 
 .text.fsdev_stat
                0x0000000000009270      0x20c C:/devkitPro/libnx/lib\libnx.a(fs_dev.o)
 *fill*         0x000000000000947c        0x4 
 .text.fsdev_rename
                0x0000000000009480      0x158 C:/devkitPro/libnx/lib\libnx.a(fs_dev.o)
 *fill*         0x00000000000095d8        0x8 
 .text.fsdev_chdir
                0x00000000000095e0      0x14c C:/devkitPro/libnx/lib\libnx.a(fs_dev.o)
 *fill*         0x000000000000972c        0x4 
 .text.fsdev_mkdir
                0x0000000000009730       0xac C:/devkitPro/libnx/lib\libnx.a(fs_dev.o)
 *fill*         0x00000000000097dc        0x4 
 .text.fsdev_rmdir
                0x00000000000097e0       0xac C:/devkitPro/libnx/lib\libnx.a(fs_dev.o)
 *fill*         0x000000000000988c        0x4 
 .text.fsdev_unlink
                0x0000000000009890       0xac C:/devkitPro/libnx/lib\libnx.a(fs_dev.o)
 *fill*         0x000000000000993c        0x4 
 .text.fsdev_statvfs
                0x0000000000009940      0x104 C:/devkitPro/libnx/lib\libnx.a(fs_dev.o)
 *fill*         0x0000000000009a44        0xc 
 .text.fsdev_write_safe
                0x0000000000009a50      0x13c C:/devkitPro/libnx/lib\libnx.a(fs_dev.o)
 *fill*         0x0000000000009b8c        0x4 
 .text.fsdev_read_safe
                0x0000000000009b90      0x13c C:/devkitPro/libnx/lib\libnx.a(fs_dev.o)
 *fill*         0x0000000000009ccc        0x4 
 .text.fsdev_read
                0x0000000000009cd0      0x100 C:/devkitPro/libnx/lib\libnx.a(fs_dev.o)
 .text.fsdev_dirnext
                0x0000000000009dd0      0x1bc C:/devkitPro/libnx/lib\libnx.a(fs_dev.o)
 *fill*         0x0000000000009f8c        0x4 
 .text.fsdev_write
                0x0000000000009f90      0x120 C:/devkitPro/libnx/lib\libnx.a(fs_dev.o)
 .text.fsdev_seek
                0x000000000000a0b0       0xe4 C:/devkitPro/libnx/lib\libnx.a(fs_dev.o)
 *fill*         0x000000000000a194        0xc 
 .text.fsdev_open
                0x000000000000a1a0      0x244 C:/devkitPro/libnx/lib\libnx.a(fs_dev.o)
 *fill*         0x000000000000a3e4        0xc 
 .text.fsdevMountDevice
                0x000000000000a3f0      0x218 C:/devkitPro/libnx/lib\libnx.a(fs_dev.o)
                0x000000000000a3f0                fsdevMountDevice
 *fill*         0x000000000000a608        0x8 
 .text.fsdevMountSdmc
                0x000000000000a610       0x48 C:/devkitPro/libnx/lib\libnx.a(fs_dev.o)
                0x000000000000a610                fsdevMountSdmc
 *fill*         0x000000000000a658        0x8 
 .text.__libnx_init_cwd
                0x000000000000a660       0xcc C:/devkitPro/libnx/lib\libnx.a(fs_dev.o)
                0x000000000000a660                __libnx_init_cwd
 *fill*         0x000000000000a72c        0x4 
 .text.fsdevUnmountAll
                0x000000000000a730       0x64 C:/devkitPro/libnx/lib\libnx.a(fs_dev.o)
                0x000000000000a730                fsdevUnmountAll
 *fill*         0x000000000000a794        0xc 
 .text.decode_utf8
                0x000000000000a7a0      0x12c C:/devkitPro/libnx/lib\libnx.a(decode_utf8.o)
                0x000000000000a7a0                decode_utf8
 .text.armDCacheFlush
                0x000000000000a8cc       0x3c C:/devkitPro/libnx/lib\libnx.a(cache.o)
                0x000000000000a8cc                armDCacheFlush
 .text.__libnx_exception_entry
                0x000000000000a908      0x1c0 C:/devkitPro/libnx/lib\libnx.a(exception.o)
                0x000000000000a908                __libnx_exception_entry
 .text.__libnx_exception_returnentry
                0x000000000000aac8       0x18 C:/devkitPro/libnx/lib\libnx.a(exception.o)
                0x000000000000aac8                __libnx_exception_returnentry
 .text.__aarch64_read_tp
                0x000000000000aae0        0xc C:/devkitPro/libnx/lib\libnx.a(readtp.o)
                0x000000000000aae0                __aarch64_read_tp
 *fill*         0x000000000000aaec        0x4 
 .text.__libnx_init_thread
                0x000000000000aaf0       0xac C:/devkitPro/libnx/lib\libnx.a(thread.o)
                0x000000000000aaf0                __libnx_init_thread
 *fill*         0x000000000000ab9c        0x4 
 .text._timeCleanup
                0x000000000000aba0      0x228 C:/devkitPro/libnx/lib\libnx.a(time.o)
 *fill*         0x000000000000adc8        0x8 
 .text._timeCmdNoInOutU64.constprop.0
                0x000000000000add0       0xc8 C:/devkitPro/libnx/lib\libnx.a(time.o)
 *fill*         0x000000000000ae98        0x8 
 .text._timeCmdGetSession.constprop.0
                0x000000000000aea0       0xe8 C:/devkitPro/libnx/lib\libnx.a(time.o)
 *fill*         0x000000000000af88        0x8 
 .text._timeGetSharedMemoryNativeHandle.constprop.0
                0x000000000000af90       0xcc C:/devkitPro/libnx/lib\libnx.a(time.o)
 *fill*         0x000000000000b05c        0x4 
 .text._timeReadClockFromSharedMem
                0x000000000000b060      0x114 C:/devkitPro/libnx/lib\libnx.a(time.o)
 *fill*         0x000000000000b174        0xc 
 .text.timeInitialize
                0x000000000000b180      0x238 C:/devkitPro/libnx/lib\libnx.a(time.o)
                0x000000000000b180                timeInitialize
 *fill*         0x000000000000b3b8        0x8 
 .text.timeExit
                0x000000000000b3c0       0x44 C:/devkitPro/libnx/lib\libnx.a(time.o)
                0x000000000000b3c0                timeExit
 *fill*         0x000000000000b404        0xc 
 .text.timeGetServiceSession_SystemClock
                0x000000000000b410       0x38 C:/devkitPro/libnx/lib\libnx.a(time.o)
                0x000000000000b410                timeGetServiceSession_SystemClock
 *fill*         0x000000000000b448        0x8 
 .text.timeGetCurrentTime
                0x000000000000b450       0x5c C:/devkitPro/libnx/lib\libnx.a(time.o)
                0x000000000000b450                timeGetCurrentTime
 *fill*         0x000000000000b4ac        0x4 
 .text.timeToCalendarTimeWithMyRule
                0x000000000000b4b0      0x118 C:/devkitPro/libnx/lib\libnx.a(time.o)
                0x000000000000b4b0                timeToCalendarTimeWithMyRule
 *fill*         0x000000000000b5c8        0x8 
 .text.timeToPosixTimeWithMyRule
                0x000000000000b5d0      0x104 C:/devkitPro/libnx/lib\libnx.a(time.o)
                0x000000000000b5d0                timeToPosixTimeWithMyRule
 *fill*         0x000000000000b6d4        0xc 
 .text._viCleanup
                0x000000000000b6e0      0x1dc C:/devkitPro/libnx/lib\libnx.a(vi.o)
 *fill*         0x000000000000b8bc        0x4 
 .text._viCmdGetSessionNoParams.constprop.0
                0x000000000000b8c0       0xe8 C:/devkitPro/libnx/lib\libnx.a(vi.o)
 *fill*         0x000000000000b9a8        0x8 
 .text._viCmdGetSession.constprop.0
                0x000000000000b9b0       0xe4 C:/devkitPro/libnx/lib\libnx.a(vi.o)
 *fill*         0x000000000000ba94        0xc 
 .text.viInitialize
                0x000000000000baa0      0x25c C:/devkitPro/libnx/lib\libnx.a(vi.o)
                0x000000000000baa0                viInitialize
 *fill*         0x000000000000bcfc        0x4 
 .text.viExit   0x000000000000bd00       0x44 C:/devkitPro/libnx/lib\libnx.a(vi.o)
                0x000000000000bd00                viExit
 *fill*         0x000000000000bd44        0xc 
 .text.viGetSession_IHOSBinderDriverRelay
                0x000000000000bd50        0xc C:/devkitPro/libnx/lib\libnx.a(vi.o)
                0x000000000000bd50                viGetSession_IHOSBinderDriverRelay
 *fill*         0x000000000000bd5c        0x4 
 .text.viOpenDisplay
                0x000000000000bd60      0x120 C:/devkitPro/libnx/lib\libnx.a(vi.o)
                0x000000000000bd60                viOpenDisplay
 .text.viCloseDisplay
                0x000000000000be80       0xf8 C:/devkitPro/libnx/lib\libnx.a(vi.o)
                0x000000000000be80                viCloseDisplay
 *fill*         0x000000000000bf78        0x8 
 .text.viCloseLayer
                0x000000000000bf80       0xfc C:/devkitPro/libnx/lib\libnx.a(vi.o)
                0x000000000000bf80                viCloseLayer
 *fill*         0x000000000000c07c        0x4 
 .text.viCreateLayer
                0x000000000000c080      0x3c4 C:/devkitPro/libnx/lib\libnx.a(vi.o)
                0x000000000000c080                viCreateLayer
 *fill*         0x000000000000c444        0xc 
 .text.viSetLayerScalingMode
                0x000000000000c450       0xd8 C:/devkitPro/libnx/lib\libnx.a(vi.o)
                0x000000000000c450                viSetLayerScalingMode
 *fill*         0x000000000000c528        0x8 
 .text._nvSetClientPID
                0x000000000000c530       0xcc C:/devkitPro/libnx/lib\libnx.a(nv.o)
 *fill*         0x000000000000c5fc        0x4 
 .text._nvCleanup
                0x000000000000c600       0xd0 C:/devkitPro/libnx/lib\libnx.a(nv.o)
 .text._nvCmdInitialize.constprop.0
                0x000000000000c6d0       0xd4 C:/devkitPro/libnx/lib\libnx.a(nv.o)
 *fill*         0x000000000000c7a4        0xc 
 .text.nvInitialize
                0x000000000000c7b0      0x23c C:/devkitPro/libnx/lib\libnx.a(nv.o)
                0x000000000000c7b0                nvInitialize
 *fill*         0x000000000000c9ec        0x4 
 .text.nvExit   0x000000000000c9f0       0x44 C:/devkitPro/libnx/lib\libnx.a(nv.o)
                0x000000000000c9f0                nvExit
 *fill*         0x000000000000ca34        0xc 
 .text.nvConvertError
                0x000000000000ca40      0x140 C:/devkitPro/libnx/lib\libnx.a(nv.o)
                0x000000000000ca40                nvConvertError
 .text.nvOpen   0x000000000000cb80      0x114 C:/devkitPro/libnx/lib\libnx.a(nv.o)
                0x000000000000cb80                nvOpen
 *fill*         0x000000000000cc94        0xc 
 .text.nvIoctl  0x000000000000cca0      0x250 C:/devkitPro/libnx/lib\libnx.a(nv.o)
                0x000000000000cca0                nvIoctl
 .text.nvClose  0x000000000000cef0       0xd8 C:/devkitPro/libnx/lib\libnx.a(nv.o)
                0x000000000000cef0                nvClose
 *fill*         0x000000000000cfc8        0x8 
 .text.nvQueryEvent
                0x000000000000cfd0      0x108 C:/devkitPro/libnx/lib\libnx.a(nv.o)
                0x000000000000cfd0                nvQueryEvent
 *fill*         0x000000000000d0d8        0x8 
 .text._fsCleanup
                0x000000000000d0e0       0xb4 C:/devkitPro/libnx/lib\libnx.a(fs.o)
 *fill*         0x000000000000d194        0xc 
 .text._fsCmdNoIO
                0x000000000000d1a0      0x1b0 C:/devkitPro/libnx/lib\libnx.a(fs.o)
 .text._fsFsCmdWithInPath
                0x000000000000d350      0x1d8 C:/devkitPro/libnx/lib\libnx.a(fs.o)
 *fill*         0x000000000000d528        0x8 
 .text._fsFsCmdWithTwoInPaths
                0x000000000000d530      0x1fc C:/devkitPro/libnx/lib\libnx.a(fs.o)
 *fill*         0x000000000000d72c        0x4 
 .text._fsFsOpenCommon
                0x000000000000d730      0x230 C:/devkitPro/libnx/lib\libnx.a(fs.o)
 .text._fsFsCmdWithInPathAndOutU64
                0x000000000000d960      0x1f4 C:/devkitPro/libnx/lib\libnx.a(fs.o)
 *fill*         0x000000000000db54        0xc 
 .text._fsObjectClose
                0x000000000000db60       0xf4 C:/devkitPro/libnx/lib\libnx.a(fs.o)
 *fill*         0x000000000000dc54        0xc 
 .text._fsCmdGetSession.constprop.0
                0x000000000000dc60      0x170 C:/devkitPro/libnx/lib\libnx.a(fs.o)
 .text.fsInitialize
                0x000000000000ddd0      0x314 C:/devkitPro/libnx/lib\libnx.a(fs.o)
                0x000000000000ddd0                fsInitialize
 *fill*         0x000000000000e0e4        0xc 
 .text.fsExit   0x000000000000e0f0       0x44 C:/devkitPro/libnx/lib\libnx.a(fs.o)
                0x000000000000e0f0                fsExit
 *fill*         0x000000000000e134        0xc 
 .text.fsOpenSdCardFileSystem
                0x000000000000e140        0x8 C:/devkitPro/libnx/lib\libnx.a(fs.o)
                0x000000000000e140                fsOpenSdCardFileSystem
 *fill*         0x000000000000e148        0x8 
 .text.fsFsCreateFile
                0x000000000000e150      0x1e8 C:/devkitPro/libnx/lib\libnx.a(fs.o)
                0x000000000000e150                fsFsCreateFile
 *fill*         0x000000000000e338        0x8 
 .text.fsFsDeleteFile
                0x000000000000e340        0x8 C:/devkitPro/libnx/lib\libnx.a(fs.o)
                0x000000000000e340                fsFsDeleteFile
 *fill*         0x000000000000e348        0x8 
 .text.fsFsCreateDirectory
                0x000000000000e350        0x8 C:/devkitPro/libnx/lib\libnx.a(fs.o)
                0x000000000000e350                fsFsCreateDirectory
 *fill*         0x000000000000e358        0x8 
 .text.fsFsDeleteDirectory
                0x000000000000e360        0x8 C:/devkitPro/libnx/lib\libnx.a(fs.o)
                0x000000000000e360                fsFsDeleteDirectory
 *fill*         0x000000000000e368        0x8 
 .text.fsFsRenameFile
                0x000000000000e370        0x8 C:/devkitPro/libnx/lib\libnx.a(fs.o)
                0x000000000000e370                fsFsRenameFile
 *fill*         0x000000000000e378        0x8 
 .text.fsFsRenameDirectory
                0x000000000000e380        0x8 C:/devkitPro/libnx/lib\libnx.a(fs.o)
                0x000000000000e380                fsFsRenameDirectory
 *fill*         0x000000000000e388        0x8 
 .text.fsFsGetEntryType
                0x000000000000e390      0x1ec C:/devkitPro/libnx/lib\libnx.a(fs.o)
                0x000000000000e390                fsFsGetEntryType
 *fill*         0x000000000000e57c        0x4 
 .text.fsFsOpenFile
                0x000000000000e580        0x8 C:/devkitPro/libnx/lib\libnx.a(fs.o)
                0x000000000000e580                fsFsOpenFile
 *fill*         0x000000000000e588        0x8 
 .text.fsFsOpenDirectory
                0x000000000000e590        0x8 C:/devkitPro/libnx/lib\libnx.a(fs.o)
                0x000000000000e590                fsFsOpenDirectory
 *fill*         0x000000000000e598        0x8 
 .text.fsFsGetFreeSpace
                0x000000000000e5a0        0x8 C:/devkitPro/libnx/lib\libnx.a(fs.o)
                0x000000000000e5a0                fsFsGetFreeSpace
 *fill*         0x000000000000e5a8        0x8 
 .text.fsFsGetTotalSpace
                0x000000000000e5b0        0x8 C:/devkitPro/libnx/lib\libnx.a(fs.o)
                0x000000000000e5b0                fsFsGetTotalSpace
 *fill*         0x000000000000e5b8        0x8 
 .text.fsFsGetFileTimeStampRaw
                0x000000000000e5c0      0x234 C:/devkitPro/libnx/lib\libnx.a(fs.o)
                0x000000000000e5c0                fsFsGetFileTimeStampRaw
 *fill*         0x000000000000e7f4        0xc 
 .text.fsFsClose
                0x000000000000e800        0x4 C:/devkitPro/libnx/lib\libnx.a(fs.o)
                0x000000000000e800                fsFsClose
 *fill*         0x000000000000e804        0xc 
 .text.fsFileRead
                0x000000000000e810      0x21c C:/devkitPro/libnx/lib\libnx.a(fs.o)
                0x000000000000e810                fsFileRead
 *fill*         0x000000000000ea2c        0x4 
 .text.fsFileWrite
                0x000000000000ea30      0x20c C:/devkitPro/libnx/lib\libnx.a(fs.o)
                0x000000000000ea30                fsFileWrite
 *fill*         0x000000000000ec3c        0x4 
 .text.fsFileFlush
                0x000000000000ec40        0x8 C:/devkitPro/libnx/lib\libnx.a(fs.o)
                0x000000000000ec40                fsFileFlush
 *fill*         0x000000000000ec48        0x8 
 .text.fsFileSetSize
                0x000000000000ec50      0x1b4 C:/devkitPro/libnx/lib\libnx.a(fs.o)
                0x000000000000ec50                fsFileSetSize
 *fill*         0x000000000000ee04        0xc 
 .text.fsFileGetSize
                0x000000000000ee10      0x1c4 C:/devkitPro/libnx/lib\libnx.a(fs.o)
                0x000000000000ee10                fsFileGetSize
 *fill*         0x000000000000efd4        0xc 
 .text.fsFileClose
                0x000000000000efe0        0x4 C:/devkitPro/libnx/lib\libnx.a(fs.o)
                0x000000000000efe0                fsFileClose
 *fill*         0x000000000000efe4        0xc 
 .text.fsDirClose
                0x000000000000eff0        0x4 C:/devkitPro/libnx/lib\libnx.a(fs.o)
                0x000000000000eff0                fsDirClose
 *fill*         0x000000000000eff4        0xc 
 .text.fsDirRead
                0x000000000000f000      0x204 C:/devkitPro/libnx/lib\libnx.a(fs.o)
                0x000000000000f000                fsDirRead
 *fill*         0x000000000000f204        0xc 
 .text._setsysGetFirmwareVersionImpl
                0x000000000000f210       0xd4 C:/devkitPro/libnx/lib\libnx.a(set.o)
 *fill*         0x000000000000f2e4        0xc 
 .text._setsysCleanup
                0x000000000000f2f0       0x68 C:/devkitPro/libnx/lib\libnx.a(set.o)
 *fill*         0x000000000000f358        0x8 
 .text.setsysInitialize
                0x000000000000f360       0xa0 C:/devkitPro/libnx/lib\libnx.a(set.o)
                0x000000000000f360                setsysInitialize
 .text.setsysExit
                0x000000000000f400       0x44 C:/devkitPro/libnx/lib\libnx.a(set.o)
                0x000000000000f400                setsysExit
 *fill*         0x000000000000f444        0xc 
 .text.setsysGetFirmwareVersion
                0x000000000000f450       0x44 C:/devkitPro/libnx/lib\libnx.a(set.o)
                0x000000000000f450                setsysGetFirmwareVersion
 *fill*         0x000000000000f494        0xc 
 .text._nvFenceCleanup
                0x000000000000f4a0       0x7c C:/devkitPro/libnx/lib\libnx.a(fence.o)
 *fill*         0x000000000000f51c        0x4 
 .text.nvFenceInit
                0x000000000000f520       0x98 C:/devkitPro/libnx/lib\libnx.a(fence.o)
                0x000000000000f520                nvFenceInit
 *fill*         0x000000000000f5b8        0x8 
 .text.nvFenceExit
                0x000000000000f5c0       0x44 C:/devkitPro/libnx/lib\libnx.a(fence.o)
                0x000000000000f5c0                nvFenceExit
 *fill*         0x000000000000f604        0xc 
 .text.nvFenceWait
                0x000000000000f610      0x250 C:/devkitPro/libnx/lib\libnx.a(fence.o)
                0x000000000000f610                nvFenceWait
 .text.nvMultiFenceWait
                0x000000000000f860       0x74 C:/devkitPro/libnx/lib\libnx.a(fence.o)
                0x000000000000f860                nvMultiFenceWait
 *fill*         0x000000000000f8d4        0xc 
 .text.nvMapInit
                0x000000000000f8e0       0xb4 C:/devkitPro/libnx/lib\libnx.a(map.o)
                0x000000000000f8e0                nvMapInit
 *fill*         0x000000000000f994        0xc 
 .text.nvMapExit
                0x000000000000f9a0       0x6c C:/devkitPro/libnx/lib\libnx.a(map.o)
                0x000000000000f9a0                nvMapExit
 *fill*         0x000000000000fa0c        0x4 
 .text.nvMapClose
                0x000000000000fa10       0x80 C:/devkitPro/libnx/lib\libnx.a(map.o)
                0x000000000000fa10                nvMapClose
 .text.nvMapCreate
                0x000000000000fa90      0x160 C:/devkitPro/libnx/lib\libnx.a(map.o)
                0x000000000000fa90                nvMapCreate
 .text.nvioctlNvhostCtrl_EventSignal
                0x000000000000fbf0       0x28 C:/devkitPro/libnx/lib\libnx.a(nvhost-ctrl.o)
                0x000000000000fbf0                nvioctlNvhostCtrl_EventSignal
 *fill*         0x000000000000fc18        0x8 
 .text.nvioctlNvhostCtrl_EventWait
                0x000000000000fc20       0x44 C:/devkitPro/libnx/lib\libnx.a(nvhost-ctrl.o)
                0x000000000000fc20                nvioctlNvhostCtrl_EventWait
 *fill*         0x000000000000fc64        0xc 
 .text.nvioctlNvhostCtrl_EventWaitAsync
                0x000000000000fc70       0x30 C:/devkitPro/libnx/lib\libnx.a(nvhost-ctrl.o)
                0x000000000000fc70                nvioctlNvhostCtrl_EventWaitAsync
 .text.nvioctlNvhostCtrl_EventRegister
                0x000000000000fca0       0x28 C:/devkitPro/libnx/lib\libnx.a(nvhost-ctrl.o)
                0x000000000000fca0                nvioctlNvhostCtrl_EventRegister
 *fill*         0x000000000000fcc8        0x8 
 .text.nvioctlNvhostCtrl_EventUnregister
                0x000000000000fcd0       0x28 C:/devkitPro/libnx/lib\libnx.a(nvhost-ctrl.o)
                0x000000000000fcd0                nvioctlNvhostCtrl_EventUnregister
 *fill*         0x000000000000fcf8        0x8 
 .text.nvioctlNvmap_Create
                0x000000000000fd00       0x40 C:/devkitPro/libnx/lib\libnx.a(nvmap.o)
                0x000000000000fd00                nvioctlNvmap_Create
 .text.nvioctlNvmap_Alloc
                0x000000000000fd40       0x40 C:/devkitPro/libnx/lib\libnx.a(nvmap.o)
                0x000000000000fd40                nvioctlNvmap_Alloc
 .text.nvioctlNvmap_Free
                0x000000000000fd80       0x30 C:/devkitPro/libnx/lib\libnx.a(nvmap.o)
                0x000000000000fd80                nvioctlNvmap_Free
 .text.nvioctlNvmap_GetId
                0x000000000000fdb0       0x40 C:/devkitPro/libnx/lib\libnx.a(nvmap.o)
                0x000000000000fdb0                nvioctlNvmap_GetId
 .text.bqRequestBuffer
                0x000000000000fdf0       0xd8 C:/devkitPro/libnx/lib\libnx.a(buffer_producer.o)
                0x000000000000fdf0                bqRequestBuffer
 *fill*         0x000000000000fec8        0x8 
 .text.bqDequeueBuffer
                0x000000000000fed0      0x168 C:/devkitPro/libnx/lib\libnx.a(buffer_producer.o)
                0x000000000000fed0                bqDequeueBuffer
 *fill*         0x0000000000010038        0x8 
 .text.bqQueueBuffer
                0x0000000000010040       0xdc C:/devkitPro/libnx/lib\libnx.a(buffer_producer.o)
                0x0000000000010040                bqQueueBuffer
 *fill*         0x000000000001011c        0x4 
 .text.bqCancelBuffer
                0x0000000000010120       0x94 C:/devkitPro/libnx/lib\libnx.a(buffer_producer.o)
                0x0000000000010120                bqCancelBuffer
 *fill*         0x00000000000101b4        0xc 
 .text.bqConnect
                0x00000000000101c0       0xe8 C:/devkitPro/libnx/lib\libnx.a(buffer_producer.o)
                0x00000000000101c0                bqConnect
 *fill*         0x00000000000102a8        0x8 
 .text.bqDisconnect
                0x00000000000102b0       0x9c C:/devkitPro/libnx/lib\libnx.a(buffer_producer.o)
                0x00000000000102b0                bqDisconnect
 *fill*         0x000000000001034c        0x4 
 .text.bqSetPreallocatedBuffer
                0x0000000000010350      0x174 C:/devkitPro/libnx/lib\libnx.a(buffer_producer.o)
                0x0000000000010350                bqSetPreallocatedBuffer
 *fill*         0x00000000000104c4        0xc 
 .text.binderCreate
                0x00000000000104d0       0x18 C:/devkitPro/libnx/lib\libnx.a(binder.o)
                0x00000000000104d0                binderCreate
 *fill*         0x00000000000104e8        0x8 
 .text.binderTransactParcel
                0x00000000000104f0      0x390 C:/devkitPro/libnx/lib\libnx.a(binder.o)
                0x00000000000104f0                binderTransactParcel
 .text.binderConvertErrorCode
                0x0000000000010880      0x124 C:/devkitPro/libnx/lib\libnx.a(binder.o)
                0x0000000000010880                binderConvertErrorCode
 *fill*         0x00000000000109a4        0xc 
 .text.binderAdjustRefcount
                0x00000000000109b0      0x124 C:/devkitPro/libnx/lib\libnx.a(binder.o)
                0x00000000000109b0                binderAdjustRefcount
 *fill*         0x0000000000010ad4        0xc 
 .text.binderInitSession
                0x0000000000010ae0       0x98 C:/devkitPro/libnx/lib\libnx.a(binder.o)
                0x0000000000010ae0                binderInitSession
 *fill*         0x0000000000010b78        0x8 
 .text.binderClose
                0x0000000000010b80       0x68 C:/devkitPro/libnx/lib\libnx.a(binder.o)
                0x0000000000010b80                binderClose
 *fill*         0x0000000000010be8        0x8 
 .text.binderGetNativeHandle
                0x0000000000010bf0      0x158 C:/devkitPro/libnx/lib\libnx.a(binder.o)
                0x0000000000010bf0                binderGetNativeHandle
 *fill*         0x0000000000010d48        0x8 
 .text.parcelCreate
                0x0000000000010d50       0x30 C:/devkitPro/libnx/lib\libnx.a(parcel.o)
                0x0000000000010d50                parcelCreate
 .text.parcelTransact
                0x0000000000010d80      0x19c C:/devkitPro/libnx/lib\libnx.a(parcel.o)
                0x0000000000010d80                parcelTransact
 *fill*         0x0000000000010f1c        0x4 
 .text.parcelWriteData
                0x0000000000010f20       0x88 C:/devkitPro/libnx/lib\libnx.a(parcel.o)
                0x0000000000010f20                parcelWriteData
 *fill*         0x0000000000010fa8        0x8 
 .text.parcelReadData
                0x0000000000010fb0       0x98 C:/devkitPro/libnx/lib\libnx.a(parcel.o)
                0x0000000000010fb0                parcelReadData
 *fill*         0x0000000000011048        0x8 
 .text.parcelWriteInt32
                0x0000000000011050       0x20 C:/devkitPro/libnx/lib\libnx.a(parcel.o)
                0x0000000000011050                parcelWriteInt32
 .text.parcelWriteUInt32
                0x0000000000011070       0x20 C:/devkitPro/libnx/lib\libnx.a(parcel.o)
                0x0000000000011070                parcelWriteUInt32
 .text.parcelWriteString16
                0x0000000000011090       0x7c C:/devkitPro/libnx/lib\libnx.a(parcel.o)
                0x0000000000011090                parcelWriteString16
 *fill*         0x000000000001110c        0x4 
 .text.parcelWriteInterfaceToken
                0x0000000000011110       0x30 C:/devkitPro/libnx/lib\libnx.a(parcel.o)
                0x0000000000011110                parcelWriteInterfaceToken
 .text.parcelReadInt32
                0x0000000000011140       0x24 C:/devkitPro/libnx/lib\libnx.a(parcel.o)
                0x0000000000011140                parcelReadInt32
 *fill*         0x0000000000011164        0xc 
 .text.parcelReadFlattenedObject
                0x0000000000011170       0x68 C:/devkitPro/libnx/lib\libnx.a(parcel.o)
                0x0000000000011170                parcelReadFlattenedObject
 *fill*         0x00000000000111d8        0x8 
 .text.parcelWriteFlattenedObject
                0x00000000000111e0       0x4c C:/devkitPro/libnx/lib\libnx.a(parcel.o)
                0x00000000000111e0                parcelWriteFlattenedObject
 *fill*         0x000000000001122c        0x4 
 .text.nxlinkSetup
                0x0000000000011230       0xc4 C:/devkitPro/libnx/lib\libnx.a(nxlink.o)
                0x0000000000011230                nxlinkSetup
 *fill*         0x00000000000112f4        0xc 
 .text.sessionmgrCreate
                0x0000000000011300      0x188 C:/devkitPro/libnx/lib\libnx.a(sessionmgr.o)
                0x0000000000011300                sessionmgrCreate
 *fill*         0x0000000000011488        0x8 
 .text.sessionmgrClose
                0x0000000000011490       0x84 C:/devkitPro/libnx/lib\libnx.a(sessionmgr.o)
                0x0000000000011490                sessionmgrClose
 *fill*         0x0000000000011514        0xc 
 .text.sessionmgrAttachClient
                0x0000000000011520       0xb0 C:/devkitPro/libnx/lib\libnx.a(sessionmgr.o)
                0x0000000000011520                sessionmgrAttachClient
 .text.sessionmgrDetachClient
                0x00000000000115d0       0x74 C:/devkitPro/libnx/lib\libnx.a(sessionmgr.o)
                0x00000000000115d0                sessionmgrDetachClient
 *fill*         0x0000000000011644        0xc 
 .text.aligned_alloc
                0x0000000000011650       0x3c c:/devkitpro/devkita64/bin/../lib/gcc/aarch64-none-elf/10.2.0/../../../../aarch64-none-elf/lib/pic\libg.a(lib_a-aligned_alloc.o)
                0x0000000000011650                aligned_alloc
 *fill*         0x000000000001168c        0x4 
 .text.bsearch  0x0000000000011690       0xb8 c:/devkitpro/devkita64/bin/../lib/gcc/aarch64-none-elf/10.2.0/../../../../aarch64-none-elf/lib/pic\libg.a(lib_a-bsearch.o)
                0x0000000000011690                bsearch
 *fill*         0x0000000000011748        0x8 
 .text.calloc   0x0000000000011750       0x2c c:/devkitpro/devkita64/bin/../lib/gcc/aarch64-none-elf/10.2.0/../../../../aarch64-none-elf/lib/pic\libg.a(lib_a-calloc.o)
                0x0000000000011750                calloc
 *fill*         0x000000000001177c        0x4 
 .text._calloc_r
                0x0000000000011780       0x94 c:/devkitpro/devkita64/bin/../lib/gcc/aarch64-none-elf/10.2.0/../../../../aarch64-none-elf/lib/pic\libg.a(lib_a-callocr.o)
                0x0000000000011780                _calloc_r
 *fill*         0x0000000000011814        0xc 
 .text.__errno  0x0000000000011820       0x14 c:/devkitpro/devkita64/bin/../lib/gcc/aarch64-none-elf/10.2.0/../../../../aarch64-none-elf/lib/pic\libg.a(lib_a-errno.o)
                0x0000000000011820                __errno
 *fill*         0x0000000000011834        0xc 
 .text.__libc_fini_array
                0x0000000000011840       0x44 c:/devkitpro/devkita64/bin/../lib/gcc/aarch64-none-elf/10.2.0/../../../../aarch64-none-elf/lib/pic\libg.a(lib_a-fini.o)
                0x0000000000011840                __libc_fini_array
 *fill*         0x0000000000011884        0xc 
 .text.gmtime   0x0000000000011890       0x2c c:/devkitpro/devkita64/bin/../lib/gcc/aarch64-none-elf/10.2.0/../../../../aarch64-none-elf/lib/pic\libg.a(lib_a-gmtime.o)
                0x0000000000011890                gmtime
 *fill*         0x00000000000118bc        0x4 
 .text.gmtime_r
                0x00000000000118c0      0x29c c:/devkitpro/devkita64/bin/../lib/gcc/aarch64-none-elf/10.2.0/../../../../aarch64-none-elf/lib/pic\libg.a(lib_a-gmtime_r.o)
                0x00000000000118c0                gmtime_r
 *fill*         0x0000000000011b5c        0x4 
 .text.__libc_init_array
                0x0000000000011b60       0x8c c:/devkitpro/devkita64/bin/../lib/gcc/aarch64-none-elf/10.2.0/../../../../aarch64-none-elf/lib/pic\libg.a(lib_a-init.o)
                0x0000000000011b60                __libc_init_array
 *fill*         0x0000000000011bec        0x4 
 .text.memalign
                0x0000000000011bf0       0x2c c:/devkitpro/devkita64/bin/../lib/gcc/aarch64-none-elf/10.2.0/../../../../aarch64-none-elf/lib/pic\libg.a(lib_a-malign.o)
                0x0000000000011bf0                memalign
 *fill*         0x0000000000011c1c        0x4 
 .text._memalign_r
                0x0000000000011c20      0x1a0 c:/devkitpro/devkita64/bin/../lib/gcc/aarch64-none-elf/10.2.0/../../../../aarch64-none-elf/lib/pic\libg.a(lib_a-malignr.o)
                0x0000000000011c20                _memalign_r
 .text.malloc   0x0000000000011dc0       0x24 c:/devkitpro/devkita64/bin/../lib/gcc/aarch64-none-elf/10.2.0/../../../../aarch64-none-elf/lib/pic\libg.a(lib_a-malloc.o)
                0x0000000000011dc0                malloc
 *fill*         0x0000000000011de4        0xc 
 .text.free     0x0000000000011df0       0x24 c:/devkitpro/devkita64/bin/../lib/gcc/aarch64-none-elf/10.2.0/../../../../aarch64-none-elf/lib/pic\libg.a(lib_a-malloc.o)
                0x0000000000011df0                free
 *fill*         0x0000000000011e14        0xc 
 .text._malloc_r
                0x0000000000011e20      0x878 c:/devkitpro/devkita64/bin/../lib/gcc/aarch64-none-elf/10.2.0/../../../../aarch64-none-elf/lib/pic\libg.a(lib_a-mallocr.o)
                0x0000000000011e20                _malloc_r
 .text          0x0000000000012698       0xd8 c:/devkitpro/devkita64/bin/../lib/gcc/aarch64-none-elf/10.2.0/../../../../aarch64-none-elf/lib/pic\libg.a(lib_a-memchr.o)
                0x0000000000012698                memchr
 *fill*         0x0000000000012770       0x10 
 .text          0x0000000000012780      0x16c c:/devkitpro/devkita64/bin/../lib/gcc/aarch64-none-elf/10.2.0/../../../../aarch64-none-elf/lib/pic\libg.a(lib_a-memcpy.o)
                0x0000000000012780                memcpy
 *fill*         0x00000000000128ec       0x14 
 .text          0x0000000000012900      0x1dc c:/devkitpro/devkita64/bin/../lib/gcc/aarch64-none-elf/10.2.0/../../../../aarch64-none-elf/lib/pic\libg.a(lib_a-memset.o)
                0x0000000000012900                memset
 *fill*         0x0000000000012adc        0x4 
 .text.__malloc_lock
                0x0000000000012ae0        0xc c:/devkitpro/devkita64/bin/../lib/gcc/aarch64-none-elf/10.2.0/../../../../aarch64-none-elf/lib/pic\libg.a(lib_a-mlock.o)
                0x0000000000012ae0                __malloc_lock
 *fill*         0x0000000000012aec        0x4 
 .text.__malloc_unlock
                0x0000000000012af0        0xc c:/devkitpro/devkita64/bin/../lib/gcc/aarch64-none-elf/10.2.0/../../../../aarch64-none-elf/lib/pic\libg.a(lib_a-mlock.o)
                0x0000000000012af0                __malloc_unlock
 *fill*         0x0000000000012afc        0x4 
 .text.printf   0x0000000000012b00       0x8c c:/devkitpro/devkita64/bin/../lib/gcc/aarch64-none-elf/10.2.0/../../../../aarch64-none-elf/lib/pic\libg.a(lib_a-printf.o)
                0x0000000000012b00                printf
 *fill*         0x0000000000012b8c        0x4 
 .text.setenv   0x0000000000012b90       0x3c c:/devkitpro/devkita64/bin/../lib/gcc/aarch64-none-elf/10.2.0/../../../../aarch64-none-elf/lib/pic\libg.a(lib_a-setenv.o)
                0x0000000000012b90                setenv
 *fill*         0x0000000000012bcc        0x4 
 .text._setenv_r
                0x0000000000012bd0      0x268 c:/devkitpro/devkita64/bin/../lib/gcc/aarch64-none-elf/10.2.0/../../../../aarch64-none-elf/lib/pic\libg.a(lib_a-setenv_r.o)
                0x0000000000012bd0                _setenv_r
 *fill*         0x0000000000012e38        0x8 
 .text.setvbuf  0x0000000000012e40      0x278 c:/devkitpro/devkita64/bin/../lib/gcc/aarch64-none-elf/10.2.0/../../../../aarch64-none-elf/lib/pic\libg.a(lib_a-setvbuf.o)
                0x0000000000012e40                setvbuf
 *fill*         0x00000000000130b8        0x8 
 .text.sscanf   0x00000000000130c0       0xc0 c:/devkitpro/devkita64/bin/../lib/gcc/aarch64-none-elf/10.2.0/../../../../aarch64-none-elf/lib/pic\libg.a(lib_a-sscanf.o)
                0x00000000000130c0                sscanf
 .text.__sread  0x0000000000013180       0x50 c:/devkitpro/devkita64/bin/../lib/gcc/aarch64-none-elf/10.2.0/../../../../aarch64-none-elf/lib/pic\libg.a(lib_a-stdio.o)
                0x0000000000013180                __sread
 .text.__seofread
                0x00000000000131d0        0x8 c:/devkitpro/devkita64/bin/../lib/gcc/aarch64-none-elf/10.2.0/../../../../aarch64-none-elf/lib/pic\libg.a(lib_a-stdio.o)
                0x00000000000131d0                __seofread
 *fill*         0x00000000000131d8        0x8 
 .text.__swrite
                0x00000000000131e0       0x6c c:/devkitpro/devkita64/bin/../lib/gcc/aarch64-none-elf/10.2.0/../../../../aarch64-none-elf/lib/pic\libg.a(lib_a-stdio.o)
                0x00000000000131e0                __swrite
 *fill*         0x000000000001324c        0x4 
 .text.__sseek  0x0000000000013250       0x50 c:/devkitpro/devkita64/bin/../lib/gcc/aarch64-none-elf/10.2.0/../../../../aarch64-none-elf/lib/pic\libg.a(lib_a-stdio.o)
                0x0000000000013250                __sseek
 .text.__sclose
                0x00000000000132a0        0x8 c:/devkitpro/devkita64/bin/../lib/gcc/aarch64-none-elf/10.2.0/../../../../aarch64-none-elf/lib/pic\libg.a(lib_a-stdio.o)
                0x00000000000132a0                __sclose
 .text          0x00000000000132a8       0xdc c:/devkitpro/devkita64/bin/../lib/gcc/aarch64-none-elf/10.2.0/../../../../aarch64-none-elf/lib/pic\libg.a(lib_a-strchr.o)
                0x00000000000132a8                strchr
 *fill*         0x0000000000013384       0x3c 
 .text          0x00000000000133c0       0xe4 c:/devkitpro/devkita64/bin/../lib/gcc/aarch64-none-elf/10.2.0/../../../../aarch64-none-elf/lib/pic\libg.a(lib_a-strcmp.o)
                0x00000000000133c0                strcmp
 *fill*         0x00000000000134a4       0x1c 
 .text          0x00000000000134c0      0x140 c:/devkitpro/devkita64/bin/../lib/gcc/aarch64-none-elf/10.2.0/../../../../aarch64-none-elf/lib/pic\libg.a(lib_a-strlen.o)
                0x00000000000134c0                strlen
 .text.strncat  0x0000000000013600       0x7c c:/devkitpro/devkita64/bin/../lib/gcc/aarch64-none-elf/10.2.0/../../../../aarch64-none-elf/lib/pic\libg.a(lib_a-strncat.o)
                0x0000000000013600                strncat
 *fill*         0x000000000001367c        0x4 
 .text          0x0000000000013680      0x1d4 c:/devkitpro/devkita64/bin/../lib/gcc/aarch64-none-elf/10.2.0/../../../../aarch64-none-elf/lib/pic\libg.a(lib_a-strncmp.o)
                0x000000000001369c                strncmp
 *fill*         0x0000000000013854        0xc 
 .text.strncpy  0x0000000000013860       0x9c c:/devkitpro/devkita64/bin/../lib/gcc/aarch64-none-elf/10.2.0/../../../../aarch64-none-elf/lib/pic\libg.a(lib_a-strncpy.o)
                0x0000000000013860                strncpy
 *fill*         0x00000000000138fc        0x4 
 .text          0x0000000000013900       0xe0 c:/devkitpro/devkita64/bin/../lib/gcc/aarch64-none-elf/10.2.0/../../../../aarch64-none-elf/lib/pic\libg.a(lib_a-strnlen.o)
                0x0000000000013924                strnlen
 .text._strtoul_l.constprop.0
                0x00000000000139e0      0x1a4 c:/devkitpro/devkita64/bin/../lib/gcc/aarch64-none-elf/10.2.0/../../../../aarch64-none-elf/lib/pic\libg.a(lib_a-strtoul.o)
 *fill*         0x0000000000013b84        0xc 
 .text._strtoul_r
                0x0000000000013b90       0x44 c:/devkitpro/devkita64/bin/../lib/gcc/aarch64-none-elf/10.2.0/../../../../aarch64-none-elf/lib/pic\libg.a(lib_a-strtoul.o)
                0x0000000000013b90                _strtoul_r
 *fill*         0x0000000000013bd4        0xc 
 .text.strtoul  0x0000000000013be0       0x48 c:/devkitpro/devkita64/bin/../lib/gcc/aarch64-none-elf/10.2.0/../../../../aarch64-none-elf/lib/pic\libg.a(lib_a-strtoul.o)
                0x0000000000013be0                strtoul
 .text.get_arg  0x0000000000013c28       0x74 c:/devkitpro/devkita64/bin/../lib/gcc/aarch64-none-elf/10.2.0/../../../../aarch64-none-elf/lib/pic\libg.a(lib_a-svfscanf.o)
 .text.__ssvfscanf_r
                0x0000000000013c9c     0x3108 c:/devkitpro/devkita64/bin/../lib/gcc/aarch64-none-elf/10.2.0/../../../../aarch64-none-elf/lib/pic\libg.a(lib_a-svfscanf.o)
                0x0000000000013c9c                __ssvfscanf_r
 .text.get_arg  0x0000000000016da4      0x780 c:/devkitpro/devkita64/bin/../lib/gcc/aarch64-none-elf/10.2.0/../../../../aarch64-none-elf/lib/pic\libg.a(lib_a-vfprintf.o)
 .text._vfprintf_r
                0x0000000000017524     0x3cc8 c:/devkitpro/devkita64/bin/../lib/gcc/aarch64-none-elf/10.2.0/../../../../aarch64-none-elf/lib/pic\libg.a(lib_a-vfprintf.o)
                0x0000000000017524                _vfprintf_r
 .text.__sbprintf
                0x000000000001b1ec       0xf8 c:/devkitpro/devkita64/bin/../lib/gcc/aarch64-none-elf/10.2.0/../../../../aarch64-none-elf/lib/pic\libg.a(lib_a-vfprintf.o)
 *fill*         0x000000000001b2e4        0xc 
 .text._wcrtomb_r
                0x000000000001b2f0       0xd8 c:/devkitpro/devkita64/bin/../lib/gcc/aarch64-none-elf/10.2.0/../../../../aarch64-none-elf/lib/pic\libg.a(lib_a-wcrtomb.o)
                0x000000000001b2f0                _wcrtomb_r
 *fill*         0x000000000001b3c8        0x8 
 .text._wcsrtombs_r
                0x000000000001b3d0       0x10 c:/devkitpro/devkita64/bin/../lib/gcc/aarch64-none-elf/10.2.0/../../../../aarch64-none-elf/lib/pic\libg.a(lib_a-wcsrtombs.o)
                0x000000000001b3d0                _wcsrtombs_r
 .text.__swsetup_r
                0x000000000001b3e0      0x140 c:/devkitpro/devkita64/bin/../lib/gcc/aarch64-none-elf/10.2.0/../../../../aarch64-none-elf/lib/pic\libg.a(lib_a-wsetup.o)
                0x000000000001b3e0                __swsetup_r
 .text.__call_exitprocs
                0x000000000001b520      0x12c c:/devkitpro/devkita64/bin/../lib/gcc/aarch64-none-elf/10.2.0/../../../../aarch64-none-elf/lib/pic\libg.a(lib_a-__call_atexit.o)
                0x000000000001b520                __call_exitprocs
 *fill*         0x000000000001b64c        0x4 
 .text.quorem   0x000000000001b650      0x19c c:/devkitpro/devkita64/bin/../lib/gcc/aarch64-none-elf/10.2.0/../../../../aarch64-none-elf/lib/pic\libg.a(lib_a-dtoa.o)
 *fill*         0x000000000001b7ec        0x4 
 .text._dtoa_r  0x000000000001b7f0     0x11a0 c:/devkitpro/devkita64/bin/../lib/gcc/aarch64-none-elf/10.2.0/../../../../aarch64-none-elf/lib/pic\libg.a(lib_a-dtoa.o)
                0x000000000001b7f0                _dtoa_r
 .text.__env_lock
                0x000000000001c990        0xc c:/devkitpro/devkita64/bin/../lib/gcc/aarch64-none-elf/10.2.0/../../../../aarch64-none-elf/lib/pic\libg.a(lib_a-envlock.o)
                0x000000000001c990                __env_lock
 *fill*         0x000000000001c99c        0x4 
 .text.__env_unlock
                0x000000000001c9a0        0xc c:/devkitpro/devkita64/bin/../lib/gcc/aarch64-none-elf/10.2.0/../../../../aarch64-none-elf/lib/pic\libg.a(lib_a-envlock.o)
                0x000000000001c9a0                __env_unlock
 *fill*         0x000000000001c9ac        0x4 
 .text.__sflush_r
                0x000000000001c9b0      0x228 c:/devkitpro/devkita64/bin/../lib/gcc/aarch64-none-elf/10.2.0/../../../../aarch64-none-elf/lib/pic\libg.a(lib_a-fflush.o)
                0x000000000001c9b0                __sflush_r
 *fill*         0x000000000001cbd8        0x8 
 .text._fflush_r
                0x000000000001cbe0       0xb8 c:/devkitpro/devkita64/bin/../lib/gcc/aarch64-none-elf/10.2.0/../../../../aarch64-none-elf/lib/pic\libg.a(lib_a-fflush.o)
                0x000000000001cbe0                _fflush_r
 *fill*         0x000000000001cc98        0x8 
 .text._cleanup_r
                0x000000000001cca0        0xc c:/devkitpro/devkita64/bin/../lib/gcc/aarch64-none-elf/10.2.0/../../../../aarch64-none-elf/lib/pic\libg.a(lib_a-findfp.o)
                0x000000000001cca0                _cleanup_r
 *fill*         0x000000000001ccac        0x4 
 .text.__sfp_lock_acquire
                0x000000000001ccb0        0xc c:/devkitpro/devkita64/bin/../lib/gcc/aarch64-none-elf/10.2.0/../../../../aarch64-none-elf/lib/pic\libg.a(lib_a-findfp.o)
                0x000000000001ccb0                __sfp_lock_acquire
 *fill*         0x000000000001ccbc        0x4 
 .text.__sfp_lock_release
                0x000000000001ccc0        0xc c:/devkitpro/devkita64/bin/../lib/gcc/aarch64-none-elf/10.2.0/../../../../aarch64-none-elf/lib/pic\libg.a(lib_a-findfp.o)
                0x000000000001ccc0                __sfp_lock_release
 *fill*         0x000000000001cccc        0x4 
 .text.__sinit_lock_acquire
                0x000000000001ccd0        0xc c:/devkitpro/devkita64/bin/../lib/gcc/aarch64-none-elf/10.2.0/../../../../aarch64-none-elf/lib/pic\libg.a(lib_a-findfp.o)
                0x000000000001ccd0                __sinit_lock_acquire
 *fill*         0x000000000001ccdc        0x4 
 .text.__sinit_lock_release
                0x000000000001cce0        0xc c:/devkitpro/devkita64/bin/../lib/gcc/aarch64-none-elf/10.2.0/../../../../aarch64-none-elf/lib/pic\libg.a(lib_a-findfp.o)
                0x000000000001cce0                __sinit_lock_release
 *fill*         0x000000000001ccec        0x4 
 .text.__sinit  0x000000000001ccf0      0x154 c:/devkitpro/devkita64/bin/../lib/gcc/aarch64-none-elf/10.2.0/../../../../aarch64-none-elf/lib/pic\libg.a(lib_a-findfp.o)
                0x000000000001ccf0                __sinit
 *fill*         0x000000000001ce44        0xc 
 .text._malloc_trim_r
                0x000000000001ce50      0x118 c:/devkitpro/devkita64/bin/../lib/gcc/aarch64-none-elf/10.2.0/../../../../aarch64-none-elf/lib/pic\libg.a(lib_a-freer.o)
                0x000000000001ce50                _malloc_trim_r
 *fill*         0x000000000001cf68        0x8 
 .text._free_r  0x000000000001cf70      0x2f0 c:/devkitpro/devkita64/bin/../lib/gcc/aarch64-none-elf/10.2.0/../../../../aarch64-none-elf/lib/pic\libg.a(lib_a-freer.o)
                0x000000000001cf70                _free_r
 .text._fwalk_reent
                0x000000000001d260       0xa4 c:/devkitpro/devkita64/bin/../lib/gcc/aarch64-none-elf/10.2.0/../../../../aarch64-none-elf/lib/pic\libg.a(lib_a-fwalk.o)
                0x000000000001d260                _fwalk_reent
 *fill*         0x000000000001d304        0xc 
 .text._findenv_r
                0x000000000001d310      0x100 c:/devkitpro/devkita64/bin/../lib/gcc/aarch64-none-elf/10.2.0/../../../../aarch64-none-elf/lib/pic\libg.a(lib_a-getenv_r.o)
                0x000000000001d310                _findenv_r
 .text.iswspace
                0x000000000001d410        0x8 c:/devkitpro/devkita64/bin/../lib/gcc/aarch64-none-elf/10.2.0/../../../../aarch64-none-elf/lib/pic\libg.a(lib_a-iswspace.o)
                0x000000000001d410                iswspace
 *fill*         0x000000000001d418        0x8 
 .text.__localeconv_l
                0x000000000001d420        0x8 c:/devkitpro/devkita64/bin/../lib/gcc/aarch64-none-elf/10.2.0/../../../../aarch64-none-elf/lib/pic\libg.a(lib_a-localeconv.o)
                0x000000000001d420                __localeconv_l
 *fill*         0x000000000001d428        0x8 
 .text._localeconv_r
                0x000000000001d430       0x28 c:/devkitpro/devkita64/bin/../lib/gcc/aarch64-none-elf/10.2.0/../../../../aarch64-none-elf/lib/pic\libg.a(lib_a-localeconv.o)
                0x000000000001d430                _localeconv_r
 *fill*         0x000000000001d458        0x8 
 .text.__locale_mb_cur_max
                0x000000000001d460       0x2c c:/devkitpro/devkita64/bin/../lib/gcc/aarch64-none-elf/10.2.0/../../../../aarch64-none-elf/lib/pic\libg.a(lib_a-locale.o)
                0x000000000001d460                __locale_mb_cur_max
 *fill*         0x000000000001d48c        0x4 
 .text.__swhatbuf_r
                0x000000000001d490       0xa4 c:/devkitpro/devkita64/bin/../lib/gcc/aarch64-none-elf/10.2.0/../../../../aarch64-none-elf/lib/pic\libg.a(lib_a-makebuf.o)
                0x000000000001d490                __swhatbuf_r
 *fill*         0x000000000001d534        0xc 
 .text.__smakebuf_r
                0x000000000001d540      0x10c c:/devkitpro/devkita64/bin/../lib/gcc/aarch64-none-elf/10.2.0/../../../../aarch64-none-elf/lib/pic\libg.a(lib_a-makebuf.o)
                0x000000000001d540                __smakebuf_r
 *fill*         0x000000000001d64c        0x4 
 .text._mbrtowc_r
                0x000000000001d650       0xf0 c:/devkitpro/devkita64/bin/../lib/gcc/aarch64-none-elf/10.2.0/../../../../aarch64-none-elf/lib/pic\libg.a(lib_a-mbrtowc.o)
                0x000000000001d650                _mbrtowc_r
 .text.__utf8_mbtowc
                0x000000000001d740      0x2c8 c:/devkitpro/devkita64/bin/../lib/gcc/aarch64-none-elf/10.2.0/../../../../aarch64-none-elf/lib/pic\libg.a(lib_a-mbtowc_r.o)
                0x000000000001d740                __utf8_mbtowc
 *fill*         0x000000000001da08        0x8 
 .text._Balloc  0x000000000001da10       0x8c c:/devkitpro/devkita64/bin/../lib/gcc/aarch64-none-elf/10.2.0/../../../../aarch64-none-elf/lib/pic\libg.a(lib_a-mprec.o)
                0x000000000001da10                _Balloc
 *fill*         0x000000000001da9c        0x4 
 .text._Bfree   0x000000000001daa0       0x1c c:/devkitpro/devkita64/bin/../lib/gcc/aarch64-none-elf/10.2.0/../../../../aarch64-none-elf/lib/pic\libg.a(lib_a-mprec.o)
                0x000000000001daa0                _Bfree
 *fill*         0x000000000001dabc        0x4 
 .text.__multadd
                0x000000000001dac0      0x108 c:/devkitpro/devkita64/bin/../lib/gcc/aarch64-none-elf/10.2.0/../../../../aarch64-none-elf/lib/pic\libg.a(lib_a-mprec.o)
                0x000000000001dac0                __multadd
 *fill*         0x000000000001dbc8        0x8 
 .text.__s2b    0x000000000001dbd0      0x138 c:/devkitpro/devkita64/bin/../lib/gcc/aarch64-none-elf/10.2.0/../../../../aarch64-none-elf/lib/pic\libg.a(lib_a-mprec.o)
                0x000000000001dbd0                __s2b
 *fill*         0x000000000001dd08        0x8 
 .text.__hi0bits
                0x000000000001dd10       0x5c c:/devkitpro/devkita64/bin/../lib/gcc/aarch64-none-elf/10.2.0/../../../../aarch64-none-elf/lib/pic\libg.a(lib_a-mprec.o)
                0x000000000001dd10                __hi0bits
 *fill*         0x000000000001dd6c        0x4 
 .text.__lo0bits
                0x000000000001dd70       0x9c c:/devkitpro/devkita64/bin/../lib/gcc/aarch64-none-elf/10.2.0/../../../../aarch64-none-elf/lib/pic\libg.a(lib_a-mprec.o)
                0x000000000001dd70                __lo0bits
 *fill*         0x000000000001de0c        0x4 
 .text.__i2b    0x000000000001de10       0x4c c:/devkitpro/devkita64/bin/../lib/gcc/aarch64-none-elf/10.2.0/../../../../aarch64-none-elf/lib/pic\libg.a(lib_a-mprec.o)
                0x000000000001de10                __i2b
 *fill*         0x000000000001de5c        0x4 
 .text.__multiply
                0x000000000001de60      0x1e8 c:/devkitpro/devkita64/bin/../lib/gcc/aarch64-none-elf/10.2.0/../../../../aarch64-none-elf/lib/pic\libg.a(lib_a-mprec.o)
                0x000000000001de60                __multiply
 *fill*         0x000000000001e048        0x8 
 .text.__pow5mult
                0x000000000001e050      0x100 c:/devkitpro/devkita64/bin/../lib/gcc/aarch64-none-elf/10.2.0/../../../../aarch64-none-elf/lib/pic\libg.a(lib_a-mprec.o)
                0x000000000001e050                __pow5mult
 .text.__lshift
                0x000000000001e150      0x170 c:/devkitpro/devkita64/bin/../lib/gcc/aarch64-none-elf/10.2.0/../../../../aarch64-none-elf/lib/pic\libg.a(lib_a-mprec.o)
                0x000000000001e150                __lshift
 .text.__mcmp   0x000000000001e2c0       0x50 c:/devkitpro/devkita64/bin/../lib/gcc/aarch64-none-elf/10.2.0/../../../../aarch64-none-elf/lib/pic\libg.a(lib_a-mprec.o)
                0x000000000001e2c0                __mcmp
 .text.__mdiff  0x000000000001e310      0x1b8 c:/devkitpro/devkita64/bin/../lib/gcc/aarch64-none-elf/10.2.0/../../../../aarch64-none-elf/lib/pic\libg.a(lib_a-mprec.o)
                0x000000000001e310                __mdiff
 *fill*         0x000000000001e4c8        0x8 
 .text.__ulp    0x000000000001e4d0       0x68 c:/devkitpro/devkita64/bin/../lib/gcc/aarch64-none-elf/10.2.0/../../../../aarch64-none-elf/lib/pic\libg.a(lib_a-mprec.o)
                0x000000000001e4d0                __ulp
 *fill*         0x000000000001e538        0x8 
 .text.__b2d    0x000000000001e540      0x150 c:/devkitpro/devkita64/bin/../lib/gcc/aarch64-none-elf/10.2.0/../../../../aarch64-none-elf/lib/pic\libg.a(lib_a-mprec.o)
                0x000000000001e540                __b2d
 .text.__d2b    0x000000000001e690      0x154 c:/devkitpro/devkita64/bin/../lib/gcc/aarch64-none-elf/10.2.0/../../../../aarch64-none-elf/lib/pic\libg.a(lib_a-mprec.o)
                0x000000000001e690                __d2b
 *fill*         0x000000000001e7e4        0xc 
 .text.__ratio  0x000000000001e7f0       0xa0 c:/devkitpro/devkita64/bin/../lib/gcc/aarch64-none-elf/10.2.0/../../../../aarch64-none-elf/lib/pic\libg.a(lib_a-mprec.o)
                0x000000000001e7f0                __ratio
 .text.__copybits
                0x000000000001e890       0x68 c:/devkitpro/devkita64/bin/../lib/gcc/aarch64-none-elf/10.2.0/../../../../aarch64-none-elf/lib/pic\libg.a(lib_a-mprec.o)
                0x000000000001e890                __copybits
 *fill*         0x000000000001e8f8        0x8 
 .text.__any_on
                0x000000000001e900       0x6c c:/devkitpro/devkita64/bin/../lib/gcc/aarch64-none-elf/10.2.0/../../../../aarch64-none-elf/lib/pic\libg.a(lib_a-mprec.o)
                0x000000000001e900                __any_on
 *fill*         0x000000000001e96c        0x4 
 .text.realloc  0x000000000001e970       0x2c c:/devkitpro/devkita64/bin/../lib/gcc/aarch64-none-elf/10.2.0/../../../../aarch64-none-elf/lib/pic\libg.a(lib_a-realloc.o)
                0x000000000001e970                realloc
 *fill*         0x000000000001e99c        0x4 
 .text._realloc_r
                0x000000000001e9a0      0x55c c:/devkitpro/devkita64/bin/../lib/gcc/aarch64-none-elf/10.2.0/../../../../aarch64-none-elf/lib/pic\libg.a(lib_a-reallocr.o)
                0x000000000001e9a0                _realloc_r
 *fill*         0x000000000001eefc        0x4 
 .text.__sccl   0x000000000001ef00       0xd4 c:/devkitpro/devkita64/bin/../lib/gcc/aarch64-none-elf/10.2.0/../../../../aarch64-none-elf/lib/pic\libg.a(lib_a-sccl.o)
                0x000000000001ef00                __sccl
 *fill*         0x000000000001efd4        0xc 
 .text.nanf     0x000000000001efe0        0xc c:/devkitpro/devkita64/bin/../lib/gcc/aarch64-none-elf/10.2.0/../../../../aarch64-none-elf/lib/pic\libg.a(lib_a-sf_nan.o)
                0x000000000001efe0                nanf
 *fill*         0x000000000001efec        0x4 
 .text.frexp    0x000000000001eff0       0x7c c:/devkitpro/devkita64/bin/../lib/gcc/aarch64-none-elf/10.2.0/../../../../aarch64-none-elf/lib/pic\libg.a(lib_a-s_frexp.o)
                0x000000000001eff0                frexp
 *fill*         0x000000000001f06c        0x4 
 .text.sprintf  0x000000000001f070       0xb0 c:/devkitpro/devkita64/bin/../lib/gcc/aarch64-none-elf/10.2.0/../../../../aarch64-none-elf/lib/pic\libg.a(lib_a-sprintf.o)
                0x000000000001f070                sprintf
 .text.stpncpy  0x000000000001f120       0x98 c:/devkitpro/devkita64/bin/../lib/gcc/aarch64-none-elf/10.2.0/../../../../aarch64-none-elf/lib/pic\libg.a(lib_a-stpncpy.o)
                0x000000000001f120                stpncpy
 *fill*         0x000000000001f1b8        0x8 
 .text._strtod_l
                0x000000000001f1c0     0x1180 c:/devkitpro/devkita64/bin/../lib/gcc/aarch64-none-elf/10.2.0/../../../../aarch64-none-elf/lib/pic\libg.a(lib_a-strtod.o)
                0x000000000001f1c0                _strtod_l
 .text._strtod_r
                0x0000000000020340       0x54 c:/devkitpro/devkita64/bin/../lib/gcc/aarch64-none-elf/10.2.0/../../../../aarch64-none-elf/lib/pic\libg.a(lib_a-strtod.o)
                0x0000000000020340                _strtod_r
 *fill*         0x0000000000020394        0xc 
 .text._strtoll_l.constprop.0
                0x00000000000203a0      0x194 c:/devkitpro/devkita64/bin/../lib/gcc/aarch64-none-elf/10.2.0/../../../../aarch64-none-elf/lib/pic\libg.a(lib_a-strtoll.o)
 *fill*         0x0000000000020534        0xc 
 .text._strtoll_r
                0x0000000000020540       0x44 c:/devkitpro/devkita64/bin/../lib/gcc/aarch64-none-elf/10.2.0/../../../../aarch64-none-elf/lib/pic\libg.a(lib_a-strtoll.o)
                0x0000000000020540                _strtoll_r
 *fill*         0x0000000000020584        0xc 
 .text._strtol_l.part.0
                0x0000000000020590      0x194 c:/devkitpro/devkita64/bin/../lib/gcc/aarch64-none-elf/10.2.0/../../../../aarch64-none-elf/lib/pic\libg.a(lib_a-strtol.o)
 *fill*         0x0000000000020724        0xc 
 .text._strtol_r
                0x0000000000020730       0x70 c:/devkitpro/devkita64/bin/../lib/gcc/aarch64-none-elf/10.2.0/../../../../aarch64-none-elf/lib/pic\libg.a(lib_a-strtol.o)
                0x0000000000020730                _strtol_r
 .text._strtoull_l.constprop.0
                0x00000000000207a0      0x1a4 c:/devkitpro/devkita64/bin/../lib/gcc/aarch64-none-elf/10.2.0/../../../../aarch64-none-elf/lib/pic\libg.a(lib_a-strtoull.o)
 *fill*         0x0000000000020944        0xc 
 .text._strtoull_r
                0x0000000000020950       0x44 c:/devkitpro/devkita64/bin/../lib/gcc/aarch64-none-elf/10.2.0/../../../../aarch64-none-elf/lib/pic\libg.a(lib_a-strtoull.o)
                0x0000000000020950                _strtoull_r
 .text.__ssprint_r
                0x0000000000020994      0x1c0 c:/devkitpro/devkita64/bin/../lib/gcc/aarch64-none-elf/10.2.0/../../../../aarch64-none-elf/lib/pic\libg.a(lib_a-svfiprintf.o)
                0x0000000000020994                __ssprint_r
 .text._sungetc_r
                0x0000000000020b54       0xf0 c:/devkitpro/devkita64/bin/../lib/gcc/aarch64-none-elf/10.2.0/../../../../aarch64-none-elf/lib/pic\libg.a(lib_a-svfiscanf.o)
                0x0000000000020b54                _sungetc_r
 .text.__ssrefill_r
                0x0000000000020c44       0x70 c:/devkitpro/devkita64/bin/../lib/gcc/aarch64-none-elf/10.2.0/../../../../aarch64-none-elf/lib/pic\libg.a(lib_a-svfiscanf.o)
                0x0000000000020c44                __ssrefill_r
 .text._sfread_r